λ x x0 : word32 * word32 * word32 * word32 * word32 * word32 * word32 * word32 * word32 * word32 * word32 * word32 * word32 * word32 * word32 * word32 * word32,
Interp-η
(λ var : Syntax.base_type → Type,
 λ '(x34, x35, x33, x31, x29, x27, x25, x23, x21, x19, x17, x15, x13, x11, x9, x7, x5, (x66, x67, x65, x63, x61, x59, x57, x55, x53, x51, x49, x47, x45, x43, x41, x39, x37))%core,
 uint32_t x69, uint8_t/*bool*/ x70 = subborrow_u32(0x0, x5, x37);
 uint32_t x72, uint8_t/*bool*/ x73 = subborrow_u32(x70, x7, x39);
 uint32_t x75, uint8_t/*bool*/ x76 = subborrow_u32(x73, x9, x41);
 uint32_t x78, uint8_t/*bool*/ x79 = subborrow_u32(x76, x11, x43);
 uint32_t x81, uint8_t/*bool*/ x82 = subborrow_u32(x79, x13, x45);
 uint32_t x84, uint8_t/*bool*/ x85 = subborrow_u32(x82, x15, x47);
 uint32_t x87, uint8_t/*bool*/ x88 = subborrow_u32(x85, x17, x49);
 uint32_t x90, uint8_t/*bool*/ x91 = subborrow_u32(x88, x19, x51);
 uint32_t x93, uint8_t/*bool*/ x94 = subborrow_u32(x91, x21, x53);
 uint32_t x96, uint8_t/*bool*/ x97 = subborrow_u32(x94, x23, x55);
 uint32_t x99, uint8_t/*bool*/ x100 = subborrow_u32(x97, x25, x57);
 uint32_t x102, uint8_t/*bool*/ x103 = subborrow_u32(x100, x27, x59);
 uint32_t x105, uint8_t/*bool*/ x106 = subborrow_u32(x103, x29, x61);
 uint32_t x108, uint8_t/*bool*/ x109 = subborrow_u32(x106, x31, x63);
 uint32_t x111, uint8_t/*bool*/ x112 = subborrow_u32(x109, x33, x65);
 uint32_t x114, uint8_t/*bool*/ x115 = subborrow_u32(x112, x35, x67);
 uint32_t x117, uint8_t/*bool*/ x118 = subborrow_u32(x115, x34, x66);
 uint32_t x119 = cmovznz32(x118, 0x0, 0xffffffff);
 uint32_t x120 = (x119 & 0xffffffff);
 uint32_t x122, uint8_t/*bool*/ x123 = addcarryx_u32(0x0, x69, x120);
 uint32_t x124 = (x119 & 0xffffffff);
 uint32_t x126, uint8_t/*bool*/ x127 = addcarryx_u32(x123, x72, x124);
 uint32_t x128 = (x119 & 0xffffffff);
 uint32_t x130, uint8_t/*bool*/ x131 = addcarryx_u32(x127, x75, x128);
 uint32_t x132 = (x119 & 0xffffffff);
 uint32_t x134, uint8_t/*bool*/ x135 = addcarryx_u32(x131, x78, x132);
 uint32_t x136 = (x119 & 0xffffffff);
 uint32_t x138, uint8_t/*bool*/ x139 = addcarryx_u32(x135, x81, x136);
 uint32_t x140 = (x119 & 0xffffffff);
 uint32_t x142, uint8_t/*bool*/ x143 = addcarryx_u32(x139, x84, x140);
 uint32_t x144 = (x119 & 0xffffffff);
 uint32_t x146, uint8_t/*bool*/ x147 = addcarryx_u32(x143, x87, x144);
 uint32_t x148 = (x119 & 0xffffffff);
 uint32_t x150, uint8_t/*bool*/ x151 = addcarryx_u32(x147, x90, x148);
 uint32_t x152 = (x119 & 0xffffffff);
 uint32_t x154, uint8_t/*bool*/ x155 = addcarryx_u32(x151, x93, x152);
 uint32_t x156 = (x119 & 0xffffffff);
 uint32_t x158, uint8_t/*bool*/ x159 = addcarryx_u32(x155, x96, x156);
 uint32_t x160 = (x119 & 0xffffffff);
 uint32_t x162, uint8_t/*bool*/ x163 = addcarryx_u32(x159, x99, x160);
 uint32_t x164 = (x119 & 0xffffffff);
 uint32_t x166, uint8_t/*bool*/ x167 = addcarryx_u32(x163, x102, x164);
 uint32_t x168 = (x119 & 0xffffffff);
 uint32_t x170, uint8_t/*bool*/ x171 = addcarryx_u32(x167, x105, x168);
 uint32_t x172 = (x119 & 0xffffffff);
 uint32_t x174, uint8_t/*bool*/ x175 = addcarryx_u32(x171, x108, x172);
 uint32_t x176 = (x119 & 0xffffffff);
 uint32_t x178, uint8_t/*bool*/ x179 = addcarryx_u32(x175, x111, x176);
 uint32_t x180 = (x119 & 0xffffffff);
 uint32_t x182, uint8_t/*bool*/ x183 = addcarryx_u32(x179, x114, x180);
 uint32_t x184 = (x119 & 0x1ff);
 uint32_t x186, uint8_t/*bool*/ _ = addcarryx_u32(x183, x117, x184);
 (Return x186, Return x182, Return x178, Return x174, Return x170, Return x166, Return x162, Return x158, Return x154, Return x150, Return x146, Return x142, Return x138, Return x134, Return x130, Return x126, Return x122))
(x, x0)%core
     : word32 * word32 * word32 * word32 * word32 * word32 * word32 * word32 * word32 * word32 * word32 * word32 * word32 * word32 * word32 * word32 * word32 → word32 * word32 * word32 * word32 * word32 * word32 * word32 * word32 * word32 * word32 * word32 * word32 * word32 * word32 * word32 * word32 * word32 → ReturnType (uint32_t * uint32_t * uint32_t * uint32_t * uint32_t * uint32_t * uint32_t * uint32_t * uint32_t * uint32_t * uint32_t * uint32_t * uint32_t * uint32_t * uint32_t * uint32_t * uint32_t)
