λ x x0 : word32 * word32 * word32 * word32 * word32 * word32 * word32 * word32,
Interp-η
(λ var : Syntax.base_type → Type,
 λ '(x16, x17, x15, x13, x11, x9, x7, x5, (x30, x31, x29, x27, x25, x23, x21, x19))%core,
 uint32_t x33, uint32_t x34 = mulx_u32(x5, x19);
 uint32_t x36, uint32_t x37 = mulx_u32(x5, x21);
 uint32_t x39, uint32_t x40 = mulx_u32(x5, x23);
 uint32_t x42, uint32_t x43 = mulx_u32(x5, x25);
 uint32_t x45, uint32_t x46 = mulx_u32(x5, x27);
 uint32_t x48, uint32_t x49 = mulx_u32(x5, x29);
 uint32_t x51, uint32_t x52 = mulx_u32(x5, x31);
 uint32_t x54, uint32_t x55 = mulx_u32(x5, x30);
 uint32_t x57, uint8_t/*bool*/ x58 = addcarryx_u32(0x0, x34, x36);
 uint32_t x60, uint8_t/*bool*/ x61 = addcarryx_u32(x58, x37, x39);
 uint32_t x63, uint8_t/*bool*/ x64 = addcarryx_u32(x61, x40, x42);
 uint32_t x66, uint8_t/*bool*/ x67 = addcarryx_u32(x64, x43, x45);
 uint32_t x69, uint8_t/*bool*/ x70 = addcarryx_u32(x67, x46, x48);
 uint32_t x72, uint8_t/*bool*/ x73 = addcarryx_u32(x70, x49, x51);
 uint32_t x75, uint8_t/*bool*/ x76 = addcarryx_u32(x73, x52, x54);
 uint32_t x78, uint8_t/*bool*/ _ = addcarryx_u32(0x0, x76, x55);
 uint32_t x81, uint32_t _ = mulx_u32(x33, 0x38e38e39);
 uint32_t x84, uint32_t x85 = mulx_u32(x81, 0xfffffff7);
 uint32_t x87, uint32_t x88 = mulx_u32(x81, 0xffffffff);
 uint32_t x90, uint32_t x91 = mulx_u32(x81, 0xffffffff);
 uint32_t x93, uint32_t x94 = mulx_u32(x81, 0xffffffff);
 uint32_t x96, uint32_t x97 = mulx_u32(x81, 0xffffffff);
 uint32_t x99, uint32_t x100 = mulx_u32(x81, 0xffffffff);
 uint32_t x102, uint32_t x103 = mulx_u32(x81, 0xffffffff);
 uint32_t x105, uint32_t x106 = mulx_u32(x81, 0x7ffff);
 uint32_t x108, uint8_t/*bool*/ x109 = addcarryx_u32(0x0, x85, x87);
 uint32_t x111, uint8_t/*bool*/ x112 = addcarryx_u32(x109, x88, x90);
 uint32_t x114, uint8_t/*bool*/ x115 = addcarryx_u32(x112, x91, x93);
 uint32_t x117, uint8_t/*bool*/ x118 = addcarryx_u32(x115, x94, x96);
 uint32_t x120, uint8_t/*bool*/ x121 = addcarryx_u32(x118, x97, x99);
 uint32_t x123, uint8_t/*bool*/ x124 = addcarryx_u32(x121, x100, x102);
 uint32_t x126, uint8_t/*bool*/ x127 = addcarryx_u32(x124, x103, x105);
 uint32_t x129, uint8_t/*bool*/ _ = addcarryx_u32(0x0, x127, x106);
 uint32_t _, uint8_t/*bool*/ x133 = addcarryx_u32(0x0, x33, x84);
 uint32_t x135, uint8_t/*bool*/ x136 = addcarryx_u32(x133, x57, x108);
 uint32_t x138, uint8_t/*bool*/ x139 = addcarryx_u32(x136, x60, x111);
 uint32_t x141, uint8_t/*bool*/ x142 = addcarryx_u32(x139, x63, x114);
 uint32_t x144, uint8_t/*bool*/ x145 = addcarryx_u32(x142, x66, x117);
 uint32_t x147, uint8_t/*bool*/ x148 = addcarryx_u32(x145, x69, x120);
 uint32_t x150, uint8_t/*bool*/ x151 = addcarryx_u32(x148, x72, x123);
 uint32_t x153, uint8_t/*bool*/ x154 = addcarryx_u32(x151, x75, x126);
 uint32_t x156, uint8_t/*bool*/ x157 = addcarryx_u32(x154, x78, x129);
 uint8_t/*bool*/ x158 = (1&(x157 + 0x0));
 uint32_t x160, uint32_t x161 = mulx_u32(x7, x19);
 uint32_t x163, uint32_t x164 = mulx_u32(x7, x21);
 uint32_t x166, uint32_t x167 = mulx_u32(x7, x23);
 uint32_t x169, uint32_t x170 = mulx_u32(x7, x25);
 uint32_t x172, uint32_t x173 = mulx_u32(x7, x27);
 uint32_t x175, uint32_t x176 = mulx_u32(x7, x29);
 uint32_t x178, uint32_t x179 = mulx_u32(x7, x31);
 uint32_t x181, uint32_t x182 = mulx_u32(x7, x30);
 uint32_t x184, uint8_t/*bool*/ x185 = addcarryx_u32(0x0, x161, x163);
 uint32_t x187, uint8_t/*bool*/ x188 = addcarryx_u32(x185, x164, x166);
 uint32_t x190, uint8_t/*bool*/ x191 = addcarryx_u32(x188, x167, x169);
 uint32_t x193, uint8_t/*bool*/ x194 = addcarryx_u32(x191, x170, x172);
 uint32_t x196, uint8_t/*bool*/ x197 = addcarryx_u32(x194, x173, x175);
 uint32_t x199, uint8_t/*bool*/ x200 = addcarryx_u32(x197, x176, x178);
 uint32_t x202, uint8_t/*bool*/ x203 = addcarryx_u32(x200, x179, x181);
 uint32_t x205, uint8_t/*bool*/ _ = addcarryx_u32(0x0, x203, x182);
 uint32_t x208, uint8_t/*bool*/ x209 = addcarryx_u32(0x0, x135, x160);
 uint32_t x211, uint8_t/*bool*/ x212 = addcarryx_u32(x209, x138, x184);
 uint32_t x214, uint8_t/*bool*/ x215 = addcarryx_u32(x212, x141, x187);
 uint32_t x217, uint8_t/*bool*/ x218 = addcarryx_u32(x215, x144, x190);
 uint32_t x220, uint8_t/*bool*/ x221 = addcarryx_u32(x218, x147, x193);
 uint32_t x223, uint8_t/*bool*/ x224 = addcarryx_u32(x221, x150, x196);
 uint32_t x226, uint8_t/*bool*/ x227 = addcarryx_u32(x224, x153, x199);
 uint32_t x229, uint8_t/*bool*/ x230 = addcarryx_u32(x227, x156, x202);
 uint32_t x232, uint8_t/*bool*/ x233 = addcarryx_u32(x230, x158, x205);
 uint32_t x235, uint32_t _ = mulx_u32(x208, 0x38e38e39);
 uint32_t x238, uint32_t x239 = mulx_u32(x235, 0xfffffff7);
 uint32_t x241, uint32_t x242 = mulx_u32(x235, 0xffffffff);
 uint32_t x244, uint32_t x245 = mulx_u32(x235, 0xffffffff);
 uint32_t x247, uint32_t x248 = mulx_u32(x235, 0xffffffff);
 uint32_t x250, uint32_t x251 = mulx_u32(x235, 0xffffffff);
 uint32_t x253, uint32_t x254 = mulx_u32(x235, 0xffffffff);
 uint32_t x256, uint32_t x257 = mulx_u32(x235, 0xffffffff);
 uint32_t x259, uint32_t x260 = mulx_u32(x235, 0x7ffff);
 uint32_t x262, uint8_t/*bool*/ x263 = addcarryx_u32(0x0, x239, x241);
 uint32_t x265, uint8_t/*bool*/ x266 = addcarryx_u32(x263, x242, x244);
 uint32_t x268, uint8_t/*bool*/ x269 = addcarryx_u32(x266, x245, x247);
 uint32_t x271, uint8_t/*bool*/ x272 = addcarryx_u32(x269, x248, x250);
 uint32_t x274, uint8_t/*bool*/ x275 = addcarryx_u32(x272, x251, x253);
 uint32_t x277, uint8_t/*bool*/ x278 = addcarryx_u32(x275, x254, x256);
 uint32_t x280, uint8_t/*bool*/ x281 = addcarryx_u32(x278, x257, x259);
 uint32_t x283, uint8_t/*bool*/ _ = addcarryx_u32(0x0, x281, x260);
 uint32_t _, uint8_t/*bool*/ x287 = addcarryx_u32(0x0, x208, x238);
 uint32_t x289, uint8_t/*bool*/ x290 = addcarryx_u32(x287, x211, x262);
 uint32_t x292, uint8_t/*bool*/ x293 = addcarryx_u32(x290, x214, x265);
 uint32_t x295, uint8_t/*bool*/ x296 = addcarryx_u32(x293, x217, x268);
 uint32_t x298, uint8_t/*bool*/ x299 = addcarryx_u32(x296, x220, x271);
 uint32_t x301, uint8_t/*bool*/ x302 = addcarryx_u32(x299, x223, x274);
 uint32_t x304, uint8_t/*bool*/ x305 = addcarryx_u32(x302, x226, x277);
 uint32_t x307, uint8_t/*bool*/ x308 = addcarryx_u32(x305, x229, x280);
 uint32_t x310, uint8_t/*bool*/ x311 = addcarryx_u32(x308, x232, x283);
 uint8_t x312 = ((uint8_t)x311 + x233);
 uint32_t x314, uint32_t x315 = mulx_u32(x9, x19);
 uint32_t x317, uint32_t x318 = mulx_u32(x9, x21);
 uint32_t x320, uint32_t x321 = mulx_u32(x9, x23);
 uint32_t x323, uint32_t x324 = mulx_u32(x9, x25);
 uint32_t x326, uint32_t x327 = mulx_u32(x9, x27);
 uint32_t x329, uint32_t x330 = mulx_u32(x9, x29);
 uint32_t x332, uint32_t x333 = mulx_u32(x9, x31);
 uint32_t x335, uint32_t x336 = mulx_u32(x9, x30);
 uint32_t x338, uint8_t/*bool*/ x339 = addcarryx_u32(0x0, x315, x317);
 uint32_t x341, uint8_t/*bool*/ x342 = addcarryx_u32(x339, x318, x320);
 uint32_t x344, uint8_t/*bool*/ x345 = addcarryx_u32(x342, x321, x323);
 uint32_t x347, uint8_t/*bool*/ x348 = addcarryx_u32(x345, x324, x326);
 uint32_t x350, uint8_t/*bool*/ x351 = addcarryx_u32(x348, x327, x329);
 uint32_t x353, uint8_t/*bool*/ x354 = addcarryx_u32(x351, x330, x332);
 uint32_t x356, uint8_t/*bool*/ x357 = addcarryx_u32(x354, x333, x335);
 uint32_t x359, uint8_t/*bool*/ _ = addcarryx_u32(0x0, x357, x336);
 uint32_t x362, uint8_t/*bool*/ x363 = addcarryx_u32(0x0, x289, x314);
 uint32_t x365, uint8_t/*bool*/ x366 = addcarryx_u32(x363, x292, x338);
 uint32_t x368, uint8_t/*bool*/ x369 = addcarryx_u32(x366, x295, x341);
 uint32_t x371, uint8_t/*bool*/ x372 = addcarryx_u32(x369, x298, x344);
 uint32_t x374, uint8_t/*bool*/ x375 = addcarryx_u32(x372, x301, x347);
 uint32_t x377, uint8_t/*bool*/ x378 = addcarryx_u32(x375, x304, x350);
 uint32_t x380, uint8_t/*bool*/ x381 = addcarryx_u32(x378, x307, x353);
 uint32_t x383, uint8_t/*bool*/ x384 = addcarryx_u32(x381, x310, x356);
 uint32_t x386, uint8_t/*bool*/ x387 = addcarryx_u32(x384, x312, x359);
 uint32_t x389, uint32_t _ = mulx_u32(x362, 0x38e38e39);
 uint32_t x392, uint32_t x393 = mulx_u32(x389, 0xfffffff7);
 uint32_t x395, uint32_t x396 = mulx_u32(x389, 0xffffffff);
 uint32_t x398, uint32_t x399 = mulx_u32(x389, 0xffffffff);
 uint32_t x401, uint32_t x402 = mulx_u32(x389, 0xffffffff);
 uint32_t x404, uint32_t x405 = mulx_u32(x389, 0xffffffff);
 uint32_t x407, uint32_t x408 = mulx_u32(x389, 0xffffffff);
 uint32_t x410, uint32_t x411 = mulx_u32(x389, 0xffffffff);
 uint32_t x413, uint32_t x414 = mulx_u32(x389, 0x7ffff);
 uint32_t x416, uint8_t/*bool*/ x417 = addcarryx_u32(0x0, x393, x395);
 uint32_t x419, uint8_t/*bool*/ x420 = addcarryx_u32(x417, x396, x398);
 uint32_t x422, uint8_t/*bool*/ x423 = addcarryx_u32(x420, x399, x401);
 uint32_t x425, uint8_t/*bool*/ x426 = addcarryx_u32(x423, x402, x404);
 uint32_t x428, uint8_t/*bool*/ x429 = addcarryx_u32(x426, x405, x407);
 uint32_t x431, uint8_t/*bool*/ x432 = addcarryx_u32(x429, x408, x410);
 uint32_t x434, uint8_t/*bool*/ x435 = addcarryx_u32(x432, x411, x413);
 uint32_t x437, uint8_t/*bool*/ _ = addcarryx_u32(0x0, x435, x414);
 uint32_t _, uint8_t/*bool*/ x441 = addcarryx_u32(0x0, x362, x392);
 uint32_t x443, uint8_t/*bool*/ x444 = addcarryx_u32(x441, x365, x416);
 uint32_t x446, uint8_t/*bool*/ x447 = addcarryx_u32(x444, x368, x419);
 uint32_t x449, uint8_t/*bool*/ x450 = addcarryx_u32(x447, x371, x422);
 uint32_t x452, uint8_t/*bool*/ x453 = addcarryx_u32(x450, x374, x425);
 uint32_t x455, uint8_t/*bool*/ x456 = addcarryx_u32(x453, x377, x428);
 uint32_t x458, uint8_t/*bool*/ x459 = addcarryx_u32(x456, x380, x431);
 uint32_t x461, uint8_t/*bool*/ x462 = addcarryx_u32(x459, x383, x434);
 uint32_t x464, uint8_t/*bool*/ x465 = addcarryx_u32(x462, x386, x437);
 uint8_t x466 = ((uint8_t)x465 + x387);
 uint32_t x468, uint32_t x469 = mulx_u32(x11, x19);
 uint32_t x471, uint32_t x472 = mulx_u32(x11, x21);
 uint32_t x474, uint32_t x475 = mulx_u32(x11, x23);
 uint32_t x477, uint32_t x478 = mulx_u32(x11, x25);
 uint32_t x480, uint32_t x481 = mulx_u32(x11, x27);
 uint32_t x483, uint32_t x484 = mulx_u32(x11, x29);
 uint32_t x486, uint32_t x487 = mulx_u32(x11, x31);
 uint32_t x489, uint32_t x490 = mulx_u32(x11, x30);
 uint32_t x492, uint8_t/*bool*/ x493 = addcarryx_u32(0x0, x469, x471);
 uint32_t x495, uint8_t/*bool*/ x496 = addcarryx_u32(x493, x472, x474);
 uint32_t x498, uint8_t/*bool*/ x499 = addcarryx_u32(x496, x475, x477);
 uint32_t x501, uint8_t/*bool*/ x502 = addcarryx_u32(x499, x478, x480);
 uint32_t x504, uint8_t/*bool*/ x505 = addcarryx_u32(x502, x481, x483);
 uint32_t x507, uint8_t/*bool*/ x508 = addcarryx_u32(x505, x484, x486);
 uint32_t x510, uint8_t/*bool*/ x511 = addcarryx_u32(x508, x487, x489);
 uint32_t x513, uint8_t/*bool*/ _ = addcarryx_u32(0x0, x511, x490);
 uint32_t x516, uint8_t/*bool*/ x517 = addcarryx_u32(0x0, x443, x468);
 uint32_t x519, uint8_t/*bool*/ x520 = addcarryx_u32(x517, x446, x492);
 uint32_t x522, uint8_t/*bool*/ x523 = addcarryx_u32(x520, x449, x495);
 uint32_t x525, uint8_t/*bool*/ x526 = addcarryx_u32(x523, x452, x498);
 uint32_t x528, uint8_t/*bool*/ x529 = addcarryx_u32(x526, x455, x501);
 uint32_t x531, uint8_t/*bool*/ x532 = addcarryx_u32(x529, x458, x504);
 uint32_t x534, uint8_t/*bool*/ x535 = addcarryx_u32(x532, x461, x507);
 uint32_t x537, uint8_t/*bool*/ x538 = addcarryx_u32(x535, x464, x510);
 uint32_t x540, uint8_t/*bool*/ x541 = addcarryx_u32(x538, x466, x513);
 uint32_t x543, uint32_t _ = mulx_u32(x516, 0x38e38e39);
 uint32_t x546, uint32_t x547 = mulx_u32(x543, 0xfffffff7);
 uint32_t x549, uint32_t x550 = mulx_u32(x543, 0xffffffff);
 uint32_t x552, uint32_t x553 = mulx_u32(x543, 0xffffffff);
 uint32_t x555, uint32_t x556 = mulx_u32(x543, 0xffffffff);
 uint32_t x558, uint32_t x559 = mulx_u32(x543, 0xffffffff);
 uint32_t x561, uint32_t x562 = mulx_u32(x543, 0xffffffff);
 uint32_t x564, uint32_t x565 = mulx_u32(x543, 0xffffffff);
 uint32_t x567, uint32_t x568 = mulx_u32(x543, 0x7ffff);
 uint32_t x570, uint8_t/*bool*/ x571 = addcarryx_u32(0x0, x547, x549);
 uint32_t x573, uint8_t/*bool*/ x574 = addcarryx_u32(x571, x550, x552);
 uint32_t x576, uint8_t/*bool*/ x577 = addcarryx_u32(x574, x553, x555);
 uint32_t x579, uint8_t/*bool*/ x580 = addcarryx_u32(x577, x556, x558);
 uint32_t x582, uint8_t/*bool*/ x583 = addcarryx_u32(x580, x559, x561);
 uint32_t x585, uint8_t/*bool*/ x586 = addcarryx_u32(x583, x562, x564);
 uint32_t x588, uint8_t/*bool*/ x589 = addcarryx_u32(x586, x565, x567);
 uint32_t x591, uint8_t/*bool*/ _ = addcarryx_u32(0x0, x589, x568);
 uint32_t _, uint8_t/*bool*/ x595 = addcarryx_u32(0x0, x516, x546);
 uint32_t x597, uint8_t/*bool*/ x598 = addcarryx_u32(x595, x519, x570);
 uint32_t x600, uint8_t/*bool*/ x601 = addcarryx_u32(x598, x522, x573);
 uint32_t x603, uint8_t/*bool*/ x604 = addcarryx_u32(x601, x525, x576);
 uint32_t x606, uint8_t/*bool*/ x607 = addcarryx_u32(x604, x528, x579);
 uint32_t x609, uint8_t/*bool*/ x610 = addcarryx_u32(x607, x531, x582);
 uint32_t x612, uint8_t/*bool*/ x613 = addcarryx_u32(x610, x534, x585);
 uint32_t x615, uint8_t/*bool*/ x616 = addcarryx_u32(x613, x537, x588);
 uint32_t x618, uint8_t/*bool*/ x619 = addcarryx_u32(x616, x540, x591);
 uint8_t x620 = ((uint8_t)x619 + x541);
 uint32_t x622, uint32_t x623 = mulx_u32(x13, x19);
 uint32_t x625, uint32_t x626 = mulx_u32(x13, x21);
 uint32_t x628, uint32_t x629 = mulx_u32(x13, x23);
 uint32_t x631, uint32_t x632 = mulx_u32(x13, x25);
 uint32_t x634, uint32_t x635 = mulx_u32(x13, x27);
 uint32_t x637, uint32_t x638 = mulx_u32(x13, x29);
 uint32_t x640, uint32_t x641 = mulx_u32(x13, x31);
 uint32_t x643, uint32_t x644 = mulx_u32(x13, x30);
 uint32_t x646, uint8_t/*bool*/ x647 = addcarryx_u32(0x0, x623, x625);
 uint32_t x649, uint8_t/*bool*/ x650 = addcarryx_u32(x647, x626, x628);
 uint32_t x652, uint8_t/*bool*/ x653 = addcarryx_u32(x650, x629, x631);
 uint32_t x655, uint8_t/*bool*/ x656 = addcarryx_u32(x653, x632, x634);
 uint32_t x658, uint8_t/*bool*/ x659 = addcarryx_u32(x656, x635, x637);
 uint32_t x661, uint8_t/*bool*/ x662 = addcarryx_u32(x659, x638, x640);
 uint32_t x664, uint8_t/*bool*/ x665 = addcarryx_u32(x662, x641, x643);
 uint32_t x667, uint8_t/*bool*/ _ = addcarryx_u32(0x0, x665, x644);
 uint32_t x670, uint8_t/*bool*/ x671 = addcarryx_u32(0x0, x597, x622);
 uint32_t x673, uint8_t/*bool*/ x674 = addcarryx_u32(x671, x600, x646);
 uint32_t x676, uint8_t/*bool*/ x677 = addcarryx_u32(x674, x603, x649);
 uint32_t x679, uint8_t/*bool*/ x680 = addcarryx_u32(x677, x606, x652);
 uint32_t x682, uint8_t/*bool*/ x683 = addcarryx_u32(x680, x609, x655);
 uint32_t x685, uint8_t/*bool*/ x686 = addcarryx_u32(x683, x612, x658);
 uint32_t x688, uint8_t/*bool*/ x689 = addcarryx_u32(x686, x615, x661);
 uint32_t x691, uint8_t/*bool*/ x692 = addcarryx_u32(x689, x618, x664);
 uint32_t x694, uint8_t/*bool*/ x695 = addcarryx_u32(x692, x620, x667);
 uint32_t x697, uint32_t _ = mulx_u32(x670, 0x38e38e39);
 uint32_t x700, uint32_t x701 = mulx_u32(x697, 0xfffffff7);
 uint32_t x703, uint32_t x704 = mulx_u32(x697, 0xffffffff);
 uint32_t x706, uint32_t x707 = mulx_u32(x697, 0xffffffff);
 uint32_t x709, uint32_t x710 = mulx_u32(x697, 0xffffffff);
 uint32_t x712, uint32_t x713 = mulx_u32(x697, 0xffffffff);
 uint32_t x715, uint32_t x716 = mulx_u32(x697, 0xffffffff);
 uint32_t x718, uint32_t x719 = mulx_u32(x697, 0xffffffff);
 uint32_t x721, uint32_t x722 = mulx_u32(x697, 0x7ffff);
 uint32_t x724, uint8_t/*bool*/ x725 = addcarryx_u32(0x0, x701, x703);
 uint32_t x727, uint8_t/*bool*/ x728 = addcarryx_u32(x725, x704, x706);
 uint32_t x730, uint8_t/*bool*/ x731 = addcarryx_u32(x728, x707, x709);
 uint32_t x733, uint8_t/*bool*/ x734 = addcarryx_u32(x731, x710, x712);
 uint32_t x736, uint8_t/*bool*/ x737 = addcarryx_u32(x734, x713, x715);
 uint32_t x739, uint8_t/*bool*/ x740 = addcarryx_u32(x737, x716, x718);
 uint32_t x742, uint8_t/*bool*/ x743 = addcarryx_u32(x740, x719, x721);
 uint32_t x745, uint8_t/*bool*/ _ = addcarryx_u32(0x0, x743, x722);
 uint32_t _, uint8_t/*bool*/ x749 = addcarryx_u32(0x0, x670, x700);
 uint32_t x751, uint8_t/*bool*/ x752 = addcarryx_u32(x749, x673, x724);
 uint32_t x754, uint8_t/*bool*/ x755 = addcarryx_u32(x752, x676, x727);
 uint32_t x757, uint8_t/*bool*/ x758 = addcarryx_u32(x755, x679, x730);
 uint32_t x760, uint8_t/*bool*/ x761 = addcarryx_u32(x758, x682, x733);
 uint32_t x763, uint8_t/*bool*/ x764 = addcarryx_u32(x761, x685, x736);
 uint32_t x766, uint8_t/*bool*/ x767 = addcarryx_u32(x764, x688, x739);
 uint32_t x769, uint8_t/*bool*/ x770 = addcarryx_u32(x767, x691, x742);
 uint32_t x772, uint8_t/*bool*/ x773 = addcarryx_u32(x770, x694, x745);
 uint8_t x774 = ((uint8_t)x773 + x695);
 uint32_t x776, uint32_t x777 = mulx_u32(x15, x19);
 uint32_t x779, uint32_t x780 = mulx_u32(x15, x21);
 uint32_t x782, uint32_t x783 = mulx_u32(x15, x23);
 uint32_t x785, uint32_t x786 = mulx_u32(x15, x25);
 uint32_t x788, uint32_t x789 = mulx_u32(x15, x27);
 uint32_t x791, uint32_t x792 = mulx_u32(x15, x29);
 uint32_t x794, uint32_t x795 = mulx_u32(x15, x31);
 uint32_t x797, uint32_t x798 = mulx_u32(x15, x30);
 uint32_t x800, uint8_t/*bool*/ x801 = addcarryx_u32(0x0, x777, x779);
 uint32_t x803, uint8_t/*bool*/ x804 = addcarryx_u32(x801, x780, x782);
 uint32_t x806, uint8_t/*bool*/ x807 = addcarryx_u32(x804, x783, x785);
 uint32_t x809, uint8_t/*bool*/ x810 = addcarryx_u32(x807, x786, x788);
 uint32_t x812, uint8_t/*bool*/ x813 = addcarryx_u32(x810, x789, x791);
 uint32_t x815, uint8_t/*bool*/ x816 = addcarryx_u32(x813, x792, x794);
 uint32_t x818, uint8_t/*bool*/ x819 = addcarryx_u32(x816, x795, x797);
 uint32_t x821, uint8_t/*bool*/ _ = addcarryx_u32(0x0, x819, x798);
 uint32_t x824, uint8_t/*bool*/ x825 = addcarryx_u32(0x0, x751, x776);
 uint32_t x827, uint8_t/*bool*/ x828 = addcarryx_u32(x825, x754, x800);
 uint32_t x830, uint8_t/*bool*/ x831 = addcarryx_u32(x828, x757, x803);
 uint32_t x833, uint8_t/*bool*/ x834 = addcarryx_u32(x831, x760, x806);
 uint32_t x836, uint8_t/*bool*/ x837 = addcarryx_u32(x834, x763, x809);
 uint32_t x839, uint8_t/*bool*/ x840 = addcarryx_u32(x837, x766, x812);
 uint32_t x842, uint8_t/*bool*/ x843 = addcarryx_u32(x840, x769, x815);
 uint32_t x845, uint8_t/*bool*/ x846 = addcarryx_u32(x843, x772, x818);
 uint32_t x848, uint8_t/*bool*/ x849 = addcarryx_u32(x846, x774, x821);
 uint32_t x851, uint32_t _ = mulx_u32(x824, 0x38e38e39);
 uint32_t x854, uint32_t x855 = mulx_u32(x851, 0xfffffff7);
 uint32_t x857, uint32_t x858 = mulx_u32(x851, 0xffffffff);
 uint32_t x860, uint32_t x861 = mulx_u32(x851, 0xffffffff);
 uint32_t x863, uint32_t x864 = mulx_u32(x851, 0xffffffff);
 uint32_t x866, uint32_t x867 = mulx_u32(x851, 0xffffffff);
 uint32_t x869, uint32_t x870 = mulx_u32(x851, 0xffffffff);
 uint32_t x872, uint32_t x873 = mulx_u32(x851, 0xffffffff);
 uint32_t x875, uint32_t x876 = mulx_u32(x851, 0x7ffff);
 uint32_t x878, uint8_t/*bool*/ x879 = addcarryx_u32(0x0, x855, x857);
 uint32_t x881, uint8_t/*bool*/ x882 = addcarryx_u32(x879, x858, x860);
 uint32_t x884, uint8_t/*bool*/ x885 = addcarryx_u32(x882, x861, x863);
 uint32_t x887, uint8_t/*bool*/ x888 = addcarryx_u32(x885, x864, x866);
 uint32_t x890, uint8_t/*bool*/ x891 = addcarryx_u32(x888, x867, x869);
 uint32_t x893, uint8_t/*bool*/ x894 = addcarryx_u32(x891, x870, x872);
 uint32_t x896, uint8_t/*bool*/ x897 = addcarryx_u32(x894, x873, x875);
 uint32_t x899, uint8_t/*bool*/ _ = addcarryx_u32(0x0, x897, x876);
 uint32_t _, uint8_t/*bool*/ x903 = addcarryx_u32(0x0, x824, x854);
 uint32_t x905, uint8_t/*bool*/ x906 = addcarryx_u32(x903, x827, x878);
 uint32_t x908, uint8_t/*bool*/ x909 = addcarryx_u32(x906, x830, x881);
 uint32_t x911, uint8_t/*bool*/ x912 = addcarryx_u32(x909, x833, x884);
 uint32_t x914, uint8_t/*bool*/ x915 = addcarryx_u32(x912, x836, x887);
 uint32_t x917, uint8_t/*bool*/ x918 = addcarryx_u32(x915, x839, x890);
 uint32_t x920, uint8_t/*bool*/ x921 = addcarryx_u32(x918, x842, x893);
 uint32_t x923, uint8_t/*bool*/ x924 = addcarryx_u32(x921, x845, x896);
 uint32_t x926, uint8_t/*bool*/ x927 = addcarryx_u32(x924, x848, x899);
 uint8_t x928 = ((uint8_t)x927 + x849);
 uint32_t x930, uint32_t x931 = mulx_u32(x17, x19);
 uint32_t x933, uint32_t x934 = mulx_u32(x17, x21);
 uint32_t x936, uint32_t x937 = mulx_u32(x17, x23);
 uint32_t x939, uint32_t x940 = mulx_u32(x17, x25);
 uint32_t x942, uint32_t x943 = mulx_u32(x17, x27);
 uint32_t x945, uint32_t x946 = mulx_u32(x17, x29);
 uint32_t x948, uint32_t x949 = mulx_u32(x17, x31);
 uint32_t x951, uint32_t x952 = mulx_u32(x17, x30);
 uint32_t x954, uint8_t/*bool*/ x955 = addcarryx_u32(0x0, x931, x933);
 uint32_t x957, uint8_t/*bool*/ x958 = addcarryx_u32(x955, x934, x936);
 uint32_t x960, uint8_t/*bool*/ x961 = addcarryx_u32(x958, x937, x939);
 uint32_t x963, uint8_t/*bool*/ x964 = addcarryx_u32(x961, x940, x942);
 uint32_t x966, uint8_t/*bool*/ x967 = addcarryx_u32(x964, x943, x945);
 uint32_t x969, uint8_t/*bool*/ x970 = addcarryx_u32(x967, x946, x948);
 uint32_t x972, uint8_t/*bool*/ x973 = addcarryx_u32(x970, x949, x951);
 uint32_t x975, uint8_t/*bool*/ _ = addcarryx_u32(0x0, x973, x952);
 uint32_t x978, uint8_t/*bool*/ x979 = addcarryx_u32(0x0, x905, x930);
 uint32_t x981, uint8_t/*bool*/ x982 = addcarryx_u32(x979, x908, x954);
 uint32_t x984, uint8_t/*bool*/ x985 = addcarryx_u32(x982, x911, x957);
 uint32_t x987, uint8_t/*bool*/ x988 = addcarryx_u32(x985, x914, x960);
 uint32_t x990, uint8_t/*bool*/ x991 = addcarryx_u32(x988, x917, x963);
 uint32_t x993, uint8_t/*bool*/ x994 = addcarryx_u32(x991, x920, x966);
 uint32_t x996, uint8_t/*bool*/ x997 = addcarryx_u32(x994, x923, x969);
 uint32_t x999, uint8_t/*bool*/ x1000 = addcarryx_u32(x997, x926, x972);
 uint32_t x1002, uint8_t/*bool*/ x1003 = addcarryx_u32(x1000, x928, x975);
 uint32_t x1005, uint32_t _ = mulx_u32(x978, 0x38e38e39);
 uint32_t x1008, uint32_t x1009 = mulx_u32(x1005, 0xfffffff7);
 uint32_t x1011, uint32_t x1012 = mulx_u32(x1005, 0xffffffff);
 uint32_t x1014, uint32_t x1015 = mulx_u32(x1005, 0xffffffff);
 uint32_t x1017, uint32_t x1018 = mulx_u32(x1005, 0xffffffff);
 uint32_t x1020, uint32_t x1021 = mulx_u32(x1005, 0xffffffff);
 uint32_t x1023, uint32_t x1024 = mulx_u32(x1005, 0xffffffff);
 uint32_t x1026, uint32_t x1027 = mulx_u32(x1005, 0xffffffff);
 uint32_t x1029, uint32_t x1030 = mulx_u32(x1005, 0x7ffff);
 uint32_t x1032, uint8_t/*bool*/ x1033 = addcarryx_u32(0x0, x1009, x1011);
 uint32_t x1035, uint8_t/*bool*/ x1036 = addcarryx_u32(x1033, x1012, x1014);
 uint32_t x1038, uint8_t/*bool*/ x1039 = addcarryx_u32(x1036, x1015, x1017);
 uint32_t x1041, uint8_t/*bool*/ x1042 = addcarryx_u32(x1039, x1018, x1020);
 uint32_t x1044, uint8_t/*bool*/ x1045 = addcarryx_u32(x1042, x1021, x1023);
 uint32_t x1047, uint8_t/*bool*/ x1048 = addcarryx_u32(x1045, x1024, x1026);
 uint32_t x1050, uint8_t/*bool*/ x1051 = addcarryx_u32(x1048, x1027, x1029);
 uint32_t x1053, uint8_t/*bool*/ _ = addcarryx_u32(0x0, x1051, x1030);
 uint32_t _, uint8_t/*bool*/ x1057 = addcarryx_u32(0x0, x978, x1008);
 uint32_t x1059, uint8_t/*bool*/ x1060 = addcarryx_u32(x1057, x981, x1032);
 uint32_t x1062, uint8_t/*bool*/ x1063 = addcarryx_u32(x1060, x984, x1035);
 uint32_t x1065, uint8_t/*bool*/ x1066 = addcarryx_u32(x1063, x987, x1038);
 uint32_t x1068, uint8_t/*bool*/ x1069 = addcarryx_u32(x1066, x990, x1041);
 uint32_t x1071, uint8_t/*bool*/ x1072 = addcarryx_u32(x1069, x993, x1044);
 uint32_t x1074, uint8_t/*bool*/ x1075 = addcarryx_u32(x1072, x996, x1047);
 uint32_t x1077, uint8_t/*bool*/ x1078 = addcarryx_u32(x1075, x999, x1050);
 uint32_t x1080, uint8_t/*bool*/ x1081 = addcarryx_u32(x1078, x1002, x1053);
 uint8_t x1082 = ((uint8_t)x1081 + x1003);
 uint32_t x1084, uint32_t x1085 = mulx_u32(x16, x19);
 uint32_t x1087, uint32_t x1088 = mulx_u32(x16, x21);
 uint32_t x1090, uint32_t x1091 = mulx_u32(x16, x23);
 uint32_t x1093, uint32_t x1094 = mulx_u32(x16, x25);
 uint32_t x1096, uint32_t x1097 = mulx_u32(x16, x27);
 uint32_t x1099, uint32_t x1100 = mulx_u32(x16, x29);
 uint32_t x1102, uint32_t x1103 = mulx_u32(x16, x31);
 uint32_t x1105, uint32_t x1106 = mulx_u32(x16, x30);
 uint32_t x1108, uint8_t/*bool*/ x1109 = addcarryx_u32(0x0, x1085, x1087);
 uint32_t x1111, uint8_t/*bool*/ x1112 = addcarryx_u32(x1109, x1088, x1090);
 uint32_t x1114, uint8_t/*bool*/ x1115 = addcarryx_u32(x1112, x1091, x1093);
 uint32_t x1117, uint8_t/*bool*/ x1118 = addcarryx_u32(x1115, x1094, x1096);
 uint32_t x1120, uint8_t/*bool*/ x1121 = addcarryx_u32(x1118, x1097, x1099);
 uint32_t x1123, uint8_t/*bool*/ x1124 = addcarryx_u32(x1121, x1100, x1102);
 uint32_t x1126, uint8_t/*bool*/ x1127 = addcarryx_u32(x1124, x1103, x1105);
 uint32_t x1129, uint8_t/*bool*/ _ = addcarryx_u32(0x0, x1127, x1106);
 uint32_t x1132, uint8_t/*bool*/ x1133 = addcarryx_u32(0x0, x1059, x1084);
 uint32_t x1135, uint8_t/*bool*/ x1136 = addcarryx_u32(x1133, x1062, x1108);
 uint32_t x1138, uint8_t/*bool*/ x1139 = addcarryx_u32(x1136, x1065, x1111);
 uint32_t x1141, uint8_t/*bool*/ x1142 = addcarryx_u32(x1139, x1068, x1114);
 uint32_t x1144, uint8_t/*bool*/ x1145 = addcarryx_u32(x1142, x1071, x1117);
 uint32_t x1147, uint8_t/*bool*/ x1148 = addcarryx_u32(x1145, x1074, x1120);
 uint32_t x1150, uint8_t/*bool*/ x1151 = addcarryx_u32(x1148, x1077, x1123);
 uint32_t x1153, uint8_t/*bool*/ x1154 = addcarryx_u32(x1151, x1080, x1126);
 uint32_t x1156, uint8_t/*bool*/ x1157 = addcarryx_u32(x1154, x1082, x1129);
 uint32_t x1159, uint32_t _ = mulx_u32(x1132, 0x38e38e39);
 uint32_t x1162, uint32_t x1163 = mulx_u32(x1159, 0xfffffff7);
 uint32_t x1165, uint32_t x1166 = mulx_u32(x1159, 0xffffffff);
 uint32_t x1168, uint32_t x1169 = mulx_u32(x1159, 0xffffffff);
 uint32_t x1171, uint32_t x1172 = mulx_u32(x1159, 0xffffffff);
 uint32_t x1174, uint32_t x1175 = mulx_u32(x1159, 0xffffffff);
 uint32_t x1177, uint32_t x1178 = mulx_u32(x1159, 0xffffffff);
 uint32_t x1180, uint32_t x1181 = mulx_u32(x1159, 0xffffffff);
 uint32_t x1183, uint32_t x1184 = mulx_u32(x1159, 0x7ffff);
 uint32_t x1186, uint8_t/*bool*/ x1187 = addcarryx_u32(0x0, x1163, x1165);
 uint32_t x1189, uint8_t/*bool*/ x1190 = addcarryx_u32(x1187, x1166, x1168);
 uint32_t x1192, uint8_t/*bool*/ x1193 = addcarryx_u32(x1190, x1169, x1171);
 uint32_t x1195, uint8_t/*bool*/ x1196 = addcarryx_u32(x1193, x1172, x1174);
 uint32_t x1198, uint8_t/*bool*/ x1199 = addcarryx_u32(x1196, x1175, x1177);
 uint32_t x1201, uint8_t/*bool*/ x1202 = addcarryx_u32(x1199, x1178, x1180);
 uint32_t x1204, uint8_t/*bool*/ x1205 = addcarryx_u32(x1202, x1181, x1183);
 uint32_t x1207, uint8_t/*bool*/ _ = addcarryx_u32(0x0, x1205, x1184);
 uint32_t _, uint8_t/*bool*/ x1211 = addcarryx_u32(0x0, x1132, x1162);
 uint32_t x1213, uint8_t/*bool*/ x1214 = addcarryx_u32(x1211, x1135, x1186);
 uint32_t x1216, uint8_t/*bool*/ x1217 = addcarryx_u32(x1214, x1138, x1189);
 uint32_t x1219, uint8_t/*bool*/ x1220 = addcarryx_u32(x1217, x1141, x1192);
 uint32_t x1222, uint8_t/*bool*/ x1223 = addcarryx_u32(x1220, x1144, x1195);
 uint32_t x1225, uint8_t/*bool*/ x1226 = addcarryx_u32(x1223, x1147, x1198);
 uint32_t x1228, uint8_t/*bool*/ x1229 = addcarryx_u32(x1226, x1150, x1201);
 uint32_t x1231, uint8_t/*bool*/ x1232 = addcarryx_u32(x1229, x1153, x1204);
 uint32_t x1234, uint8_t/*bool*/ x1235 = addcarryx_u32(x1232, x1156, x1207);
 uint8_t x1236 = ((uint8_t)x1235 + x1157);
 uint32_t x1238, uint8_t/*bool*/ x1239 = subborrow_u32(0x0, x1213, 0xfffffff7);
 uint32_t x1241, uint8_t/*bool*/ x1242 = subborrow_u32(x1239, x1216, 0xffffffff);
 uint32_t x1244, uint8_t/*bool*/ x1245 = subborrow_u32(x1242, x1219, 0xffffffff);
 uint32_t x1247, uint8_t/*bool*/ x1248 = subborrow_u32(x1245, x1222, 0xffffffff);
 uint32_t x1250, uint8_t/*bool*/ x1251 = subborrow_u32(x1248, x1225, 0xffffffff);
 uint32_t x1253, uint8_t/*bool*/ x1254 = subborrow_u32(x1251, x1228, 0xffffffff);
 uint32_t x1256, uint8_t/*bool*/ x1257 = subborrow_u32(x1254, x1231, 0xffffffff);
 uint32_t x1259, uint8_t/*bool*/ x1260 = subborrow_u32(x1257, x1234, 0x7ffff);
 uint32_t _, uint8_t/*bool*/ x1263 = subborrow_u32(x1260, x1236, 0x0);
 uint32_t x1264 = cmovznz32(x1263, x1259, x1234);
 uint32_t x1265 = cmovznz32(x1263, x1256, x1231);
 uint32_t x1266 = cmovznz32(x1263, x1253, x1228);
 uint32_t x1267 = cmovznz32(x1263, x1250, x1225);
 uint32_t x1268 = cmovznz32(x1263, x1247, x1222);
 uint32_t x1269 = cmovznz32(x1263, x1244, x1219);
 uint32_t x1270 = cmovznz32(x1263, x1241, x1216);
 uint32_t x1271 = cmovznz32(x1263, x1238, x1213);
 return (x1264, x1265, x1266, x1267, x1268, x1269, x1270, x1271))
(x, x0)%core
     : word32 * word32 * word32 * word32 * word32 * word32 * word32 * word32 → word32 * word32 * word32 * word32 * word32 * word32 * word32 * word32 → ReturnType (uint32_t * uint32_t * uint32_t * uint32_t * uint32_t * uint32_t * uint32_t * uint32_t)
