λ x : word32 * word32 * word32 * word32 * word32 * word32 * word32 * word32 * word32 * word32 * word32 * word32 * word32 * word32 * word32 * word32,
Interp-η
(λ var : Syntax.base_type → Type,
 λ '(x29, x30, x28, x26, x24, x22, x20, x18, x16, x14, x12, x10, x8, x6, x4, x2)%core,
 uint32_t x32, uint8_t/*bool*/ x33 = subborrow_u32(0x0, 0x0, x2);
 uint32_t x35, uint8_t/*bool*/ x36 = subborrow_u32(x33, 0x0, x4);
 uint32_t x38, uint8_t/*bool*/ x39 = subborrow_u32(x36, 0x0, x6);
 uint32_t x41, uint8_t/*bool*/ x42 = subborrow_u32(x39, 0x0, x8);
 uint32_t x44, uint8_t/*bool*/ x45 = subborrow_u32(x42, 0x0, x10);
 uint32_t x47, uint8_t/*bool*/ x48 = subborrow_u32(x45, 0x0, x12);
 uint32_t x50, uint8_t/*bool*/ x51 = subborrow_u32(x48, 0x0, x14);
 uint32_t x53, uint8_t/*bool*/ x54 = subborrow_u32(x51, 0x0, x16);
 uint32_t x56, uint8_t/*bool*/ x57 = subborrow_u32(x54, 0x0, x18);
 uint32_t x59, uint8_t/*bool*/ x60 = subborrow_u32(x57, 0x0, x20);
 uint32_t x62, uint8_t/*bool*/ x63 = subborrow_u32(x60, 0x0, x22);
 uint32_t x65, uint8_t/*bool*/ x66 = subborrow_u32(x63, 0x0, x24);
 uint32_t x68, uint8_t/*bool*/ x69 = subborrow_u32(x66, 0x0, x26);
 uint32_t x71, uint8_t/*bool*/ x72 = subborrow_u32(x69, 0x0, x28);
 uint32_t x74, uint8_t/*bool*/ x75 = subborrow_u32(x72, 0x0, x30);
 uint32_t x77, uint8_t/*bool*/ x78 = subborrow_u32(x75, 0x0, x29);
 uint32_t x79 = cmovznz32(x78, 0x0, 0xffffffff);
 uint32_t x80 = (x79 & 0xffffffeb);
 uint32_t x82, uint8_t/*bool*/ x83 = addcarryx_u32(0x0, x32, x80);
 uint32_t x84 = (x79 & 0xffffffff);
 uint32_t x86, uint8_t/*bool*/ x87 = addcarryx_u32(x83, x35, x84);
 uint32_t x88 = (x79 & 0xffffffff);
 uint32_t x90, uint8_t/*bool*/ x91 = addcarryx_u32(x87, x38, x88);
 uint32_t x92 = (x79 & 0xffffffff);
 uint32_t x94, uint8_t/*bool*/ x95 = addcarryx_u32(x91, x41, x92);
 uint32_t x96 = (x79 & 0xffffffff);
 uint32_t x98, uint8_t/*bool*/ x99 = addcarryx_u32(x95, x44, x96);
 uint32_t x100 = (x79 & 0xffffffff);
 uint32_t x102, uint8_t/*bool*/ x103 = addcarryx_u32(x99, x47, x100);
 uint32_t x104 = (x79 & 0xffffffff);
 uint32_t x106, uint8_t/*bool*/ x107 = addcarryx_u32(x103, x50, x104);
 uint32_t x108 = (x79 & 0xffffffff);
 uint32_t x110, uint8_t/*bool*/ x111 = addcarryx_u32(x107, x53, x108);
 uint32_t x112 = (x79 & 0xffffffff);
 uint32_t x114, uint8_t/*bool*/ x115 = addcarryx_u32(x111, x56, x112);
 uint32_t x116 = (x79 & 0xffffffff);
 uint32_t x118, uint8_t/*bool*/ x119 = addcarryx_u32(x115, x59, x116);
 uint32_t x120 = (x79 & 0xffffffff);
 uint32_t x122, uint8_t/*bool*/ x123 = addcarryx_u32(x119, x62, x120);
 uint32_t x124 = (x79 & 0xffffffff);
 uint32_t x126, uint8_t/*bool*/ x127 = addcarryx_u32(x123, x65, x124);
 uint32_t x128 = (x79 & 0xffffffff);
 uint32_t x130, uint8_t/*bool*/ x131 = addcarryx_u32(x127, x68, x128);
 uint32_t x132 = (x79 & 0xffffffff);
 uint32_t x134, uint8_t/*bool*/ x135 = addcarryx_u32(x131, x71, x132);
 uint32_t x136 = (x79 & 0xffffffff);
 uint32_t x138, uint8_t/*bool*/ x139 = addcarryx_u32(x135, x74, x136);
 uint32_t x140 = (x79 & 0x1ff);
 uint32_t x142, uint8_t/*bool*/ _ = addcarryx_u32(x139, x77, x140);
 (Return x142, Return x138, Return x134, Return x130, Return x126, Return x122, Return x118, Return x114, Return x110, Return x106, Return x102, Return x98, Return x94, Return x90, Return x86, Return x82))
x
     : word32 * word32 * word32 * word32 * word32 * word32 * word32 * word32 * word32 * word32 * word32 * word32 * word32 * word32 * word32 * word32 → ReturnType (uint32_t * uint32_t * uint32_t * uint32_t * uint32_t * uint32_t * uint32_t * uint32_t * uint32_t * uint32_t * uint32_t * uint32_t * uint32_t * uint32_t * uint32_t * uint32_t)
