λ x : word32 * word32 * word32 * word32 * word32 * word32 * word32 * word32 * word32 * word32 * word32 * word32,
Interp-η
(λ var : Syntax.base_type → Type,
 λ '(x21, x22, x20, x18, x16, x14, x12, x10, x8, x6, x4, x2)%core,
 uint32_t x24, uint8_t/*bool*/ x25 = subborrow_u32(0x0, 0x0, x2);
 uint32_t x27, uint8_t/*bool*/ x28 = subborrow_u32(x25, 0x0, x4);
 uint32_t x30, uint8_t/*bool*/ x31 = subborrow_u32(x28, 0x0, x6);
 uint32_t x33, uint8_t/*bool*/ x34 = subborrow_u32(x31, 0x0, x8);
 uint32_t x36, uint8_t/*bool*/ x37 = subborrow_u32(x34, 0x0, x10);
 uint32_t x39, uint8_t/*bool*/ x40 = subborrow_u32(x37, 0x0, x12);
 uint32_t x42, uint8_t/*bool*/ x43 = subborrow_u32(x40, 0x0, x14);
 uint32_t x45, uint8_t/*bool*/ x46 = subborrow_u32(x43, 0x0, x16);
 uint32_t x48, uint8_t/*bool*/ x49 = subborrow_u32(x46, 0x0, x18);
 uint32_t x51, uint8_t/*bool*/ x52 = subborrow_u32(x49, 0x0, x20);
 uint32_t x54, uint8_t/*bool*/ x55 = subborrow_u32(x52, 0x0, x22);
 uint32_t x57, uint8_t/*bool*/ x58 = subborrow_u32(x55, 0x0, x21);
 uint32_t x59 = cmovznz32(x58, 0x0, 0xffffffff);
 uint32_t x60 = (x59 & 0xffffffff);
 uint32_t x62, uint8_t/*bool*/ x63 = addcarryx_u32(0x0, x24, x60);
 uint32_t x64 = (x59 & 0xffffffff);
 uint32_t x66, uint8_t/*bool*/ x67 = addcarryx_u32(x63, x27, x64);
 uint32_t x68 = (x59 & 0xffffffff);
 uint32_t x70, uint8_t/*bool*/ x71 = addcarryx_u32(x67, x30, x68);
 uint32_t x72 = (x59 & 0xffffffff);
 uint32_t x74, uint8_t/*bool*/ x75 = addcarryx_u32(x71, x33, x72);
 uint32_t x76 = (x59 & 0xffffffff);
 uint32_t x78, uint8_t/*bool*/ x79 = addcarryx_u32(x75, x36, x76);
 uint32_t x80 = (x59 & 0xffffffff);
 uint32_t x82, uint8_t/*bool*/ x83 = addcarryx_u32(x79, x39, x80);
 uint32_t x84 = (x59 & 0xffffffff);
 uint32_t x86, uint8_t/*bool*/ x87 = addcarryx_u32(x83, x42, x84);
 uint32_t x88 = (x59 & 0xffffffff);
 uint32_t x90, uint8_t/*bool*/ x91 = addcarryx_u32(x87, x45, x88);
 uint32_t x92 = (x59 & 0xffffffff);
 uint32_t x94, uint8_t/*bool*/ x95 = addcarryx_u32(x91, x48, x92);
 uint32_t x96 = (x59 & 0xffffffff);
 uint32_t x98, uint8_t/*bool*/ x99 = addcarryx_u32(x95, x51, x96);
 uint32_t x100 = (x59 & 0xffffffff);
 uint32_t x102, uint8_t/*bool*/ x103 = addcarryx_u32(x99, x54, x100);
 uint32_t x104 = (x59 & 0xfffaffff);
 uint32_t x106, uint8_t/*bool*/ _ = addcarryx_u32(x103, x57, x104);
 (Return x106, Return x102, Return x98, Return x94, Return x90, Return x86, Return x82, Return x78, Return x74, Return x70, Return x66, Return x62))
x
     : word32 * word32 * word32 * word32 * word32 * word32 * word32 * word32 * word32 * word32 * word32 * word32 → ReturnType (uint32_t * uint32_t * uint32_t * uint32_t * uint32_t * uint32_t * uint32_t * uint32_t * uint32_t * uint32_t * uint32_t * uint32_t)
