λ x : word32 * word32 * word32 * word32 * word32 * word32 * word32 * word32 * word32 * word32 * word32 * word32 * word32 * word32 * word32 * word32 * word32 * word32,
Interp-η
(λ var : Syntax.base_type → Type,
 λ '(x33, x34, x32, x30, x28, x26, x24, x22, x20, x18, x16, x14, x12, x10, x8, x6, x4, x2)%core,
 uint32_t x36, uint8_t/*bool*/ x37 = subborrow_u25(0x0, x2, 0x1ffffef);
 uint32_t x39, uint8_t/*bool*/ x40 = subborrow_u25(x37, x4, 0x1ffffff);
 uint32_t x42, uint8_t/*bool*/ x43 = Op (Syntax.SubWithGetBorrow 24 (Syntax.TWord 0) (Syntax.TWord 5) (Syntax.TWord 5) (Syntax.TWord 5) (Syntax.TWord 0)) (Return x40, Return x6, 0xffffff);
 uint32_t x45, uint8_t/*bool*/ x46 = subborrow_u25(x43, x8, 0x1ffffff);
 uint32_t x48, uint8_t/*bool*/ x49 = subborrow_u25(x46, x10, 0x1ffffff);
 uint32_t x51, uint8_t/*bool*/ x52 = Op (Syntax.SubWithGetBorrow 24 (Syntax.TWord 0) (Syntax.TWord 5) (Syntax.TWord 5) (Syntax.TWord 5) (Syntax.TWord 0)) (Return x49, Return x12, 0xffffff);
 uint32_t x54, uint8_t/*bool*/ x55 = subborrow_u25(x52, x14, 0x1ffffff);
 uint32_t x57, uint8_t/*bool*/ x58 = subborrow_u25(x55, x16, 0x1ffffff);
 uint32_t x60, uint8_t/*bool*/ x61 = Op (Syntax.SubWithGetBorrow 24 (Syntax.TWord 0) (Syntax.TWord 5) (Syntax.TWord 5) (Syntax.TWord 5) (Syntax.TWord 0)) (Return x58, Return x18, 0xffffff);
 uint32_t x63, uint8_t/*bool*/ x64 = subborrow_u25(x61, x20, 0x1ffffff);
 uint32_t x66, uint8_t/*bool*/ x67 = subborrow_u25(x64, x22, 0x1ffffff);
 uint32_t x69, uint8_t/*bool*/ x70 = Op (Syntax.SubWithGetBorrow 24 (Syntax.TWord 0) (Syntax.TWord 5) (Syntax.TWord 5) (Syntax.TWord 5) (Syntax.TWord 0)) (Return x67, Return x24, 0xffffff);
 uint32_t x72, uint8_t/*bool*/ x73 = subborrow_u25(x70, x26, 0x1ffffff);
 uint32_t x75, uint8_t/*bool*/ x76 = subborrow_u25(x73, x28, 0x1ffffff);
 uint32_t x78, uint8_t/*bool*/ x79 = Op (Syntax.SubWithGetBorrow 24 (Syntax.TWord 0) (Syntax.TWord 5) (Syntax.TWord 5) (Syntax.TWord 5) (Syntax.TWord 0)) (Return x76, Return x30, 0xffffff);
 uint32_t x81, uint8_t/*bool*/ x82 = subborrow_u25(x79, x32, 0x1ffffff);
 uint32_t x84, uint8_t/*bool*/ x85 = subborrow_u25(x82, x34, 0x1ffffff);
 uint32_t x87, uint8_t/*bool*/ x88 = Op (Syntax.SubWithGetBorrow 24 (Syntax.TWord 0) (Syntax.TWord 5) (Syntax.TWord 5) (Syntax.TWord 5) (Syntax.TWord 0)) (Return x85, Return x33, 0xffffff);
 uint32_t x89 = cmovznz32(x88, 0x0, 0xffffffff);
 uint32_t x90 = (x89 & 0x1ffffef);
 uint32_t x92, uint8_t/*bool*/ x93 = addcarryx_u25(0x0, x36, x90);
 uint32_t x94 = (x89 & 0x1ffffff);
 uint32_t x96, uint8_t/*bool*/ x97 = addcarryx_u25(x93, x39, x94);
 uint32_t x98 = (x89 & 0xffffff);
 uint32_t x100, uint8_t/*bool*/ x101 = Op (Syntax.AddWithGetCarry 24 (Syntax.TWord 0) (Syntax.TWord 5) (Syntax.TWord 5) (Syntax.TWord 5) (Syntax.TWord 0)) (Return x97, Return x42, Return x98);
 uint32_t x102 = (x89 & 0x1ffffff);
 uint32_t x104, uint8_t/*bool*/ x105 = addcarryx_u25(x101, x45, x102);
 uint32_t x106 = (x89 & 0x1ffffff);
 uint32_t x108, uint8_t/*bool*/ x109 = addcarryx_u25(x105, x48, x106);
 uint32_t x110 = (x89 & 0xffffff);
 uint32_t x112, uint8_t/*bool*/ x113 = Op (Syntax.AddWithGetCarry 24 (Syntax.TWord 0) (Syntax.TWord 5) (Syntax.TWord 5) (Syntax.TWord 5) (Syntax.TWord 0)) (Return x109, Return x51, Return x110);
 uint32_t x114 = (x89 & 0x1ffffff);
 uint32_t x116, uint8_t/*bool*/ x117 = addcarryx_u25(x113, x54, x114);
 uint32_t x118 = (x89 & 0x1ffffff);
 uint32_t x120, uint8_t/*bool*/ x121 = addcarryx_u25(x117, x57, x118);
 uint32_t x122 = (x89 & 0xffffff);
 uint32_t x124, uint8_t/*bool*/ x125 = Op (Syntax.AddWithGetCarry 24 (Syntax.TWord 0) (Syntax.TWord 5) (Syntax.TWord 5) (Syntax.TWord 5) (Syntax.TWord 0)) (Return x121, Return x60, Return x122);
 uint32_t x126 = (x89 & 0x1ffffff);
 uint32_t x128, uint8_t/*bool*/ x129 = addcarryx_u25(x125, x63, x126);
 uint32_t x130 = (x89 & 0x1ffffff);
 uint32_t x132, uint8_t/*bool*/ x133 = addcarryx_u25(x129, x66, x130);
 uint32_t x134 = (x89 & 0xffffff);
 uint32_t x136, uint8_t/*bool*/ x137 = Op (Syntax.AddWithGetCarry 24 (Syntax.TWord 0) (Syntax.TWord 5) (Syntax.TWord 5) (Syntax.TWord 5) (Syntax.TWord 0)) (Return x133, Return x69, Return x134);
 uint32_t x138 = (x89 & 0x1ffffff);
 uint32_t x140, uint8_t/*bool*/ x141 = addcarryx_u25(x137, x72, x138);
 uint32_t x142 = (x89 & 0x1ffffff);
 uint32_t x144, uint8_t/*bool*/ x145 = addcarryx_u25(x141, x75, x142);
 uint32_t x146 = (x89 & 0xffffff);
 uint32_t x148, uint8_t/*bool*/ x149 = Op (Syntax.AddWithGetCarry 24 (Syntax.TWord 0) (Syntax.TWord 5) (Syntax.TWord 5) (Syntax.TWord 5) (Syntax.TWord 0)) (Return x145, Return x78, Return x146);
 uint32_t x150 = (x89 & 0x1ffffff);
 uint32_t x152, uint8_t/*bool*/ x153 = addcarryx_u25(x149, x81, x150);
 uint32_t x154 = (x89 & 0x1ffffff);
 uint32_t x156, uint8_t/*bool*/ x157 = addcarryx_u25(x153, x84, x154);
 uint32_t x158 = (x89 & 0xffffff);
 uint32_t x160, uint8_t/*bool*/ _ = Op (Syntax.AddWithGetCarry 24 (Syntax.TWord 0) (Syntax.TWord 5) (Syntax.TWord 5) (Syntax.TWord 5) (Syntax.TWord 0)) (Return x157, Return x87, Return x158);
 (Return x160, Return x156, Return x152, Return x148, Return x144, Return x140, Return x136, Return x132, Return x128, Return x124, Return x120, Return x116, Return x112, Return x108, Return x104, Return x100, Return x96, Return x92))
x
     : word32 * word32 * word32 * word32 * word32 * word32 * word32 * word32 * word32 * word32 * word32 * word32 * word32 * word32 * word32 * word32 * word32 * word32 → ReturnType (uint32_t * uint32_t * uint32_t * uint32_t * uint32_t * uint32_t * uint32_t * uint32_t * uint32_t * uint32_t * uint32_t * uint32_t * uint32_t * uint32_t * uint32_t * uint32_t * uint32_t * uint32_t)
