λ x x0 : word32 * word32 * word32 * word32 * word32 * word32 * word32 * word32 * word32 * word32 * word32 * word32 * word32 * word32 * word32 * word32,
Interp-η
(λ var : Syntax.base_type → Type,
 λ '(x32, x33, x31, x29, x27, x25, x23, x21, x19, x17, x15, x13, x11, x9, x7, x5, (x62, x63, x61, x59, x57, x55, x53, x51, x49, x47, x45, x43, x41, x39, x37, x35))%core,
 uint32_t x65, uint8_t/*bool*/ x66 = subborrow_u32(0x0, x5, x35);
 uint32_t x68, uint8_t/*bool*/ x69 = subborrow_u32(x66, x7, x37);
 uint32_t x71, uint8_t/*bool*/ x72 = subborrow_u32(x69, x9, x39);
 uint32_t x74, uint8_t/*bool*/ x75 = subborrow_u32(x72, x11, x41);
 uint32_t x77, uint8_t/*bool*/ x78 = subborrow_u32(x75, x13, x43);
 uint32_t x80, uint8_t/*bool*/ x81 = subborrow_u32(x78, x15, x45);
 uint32_t x83, uint8_t/*bool*/ x84 = subborrow_u32(x81, x17, x47);
 uint32_t x86, uint8_t/*bool*/ x87 = subborrow_u32(x84, x19, x49);
 uint32_t x89, uint8_t/*bool*/ x90 = subborrow_u32(x87, x21, x51);
 uint32_t x92, uint8_t/*bool*/ x93 = subborrow_u32(x90, x23, x53);
 uint32_t x95, uint8_t/*bool*/ x96 = subborrow_u32(x93, x25, x55);
 uint32_t x98, uint8_t/*bool*/ x99 = subborrow_u32(x96, x27, x57);
 uint32_t x101, uint8_t/*bool*/ x102 = subborrow_u32(x99, x29, x59);
 uint32_t x104, uint8_t/*bool*/ x105 = subborrow_u32(x102, x31, x61);
 uint32_t x107, uint8_t/*bool*/ x108 = subborrow_u32(x105, x33, x63);
 uint32_t x110, uint8_t/*bool*/ x111 = subborrow_u32(x108, x32, x62);
 uint32_t x112 = cmovznz32(x111, 0x0, 0xffffffff);
 uint32_t x113 = (x112 & 0xffffff45);
 uint32_t x115, uint8_t/*bool*/ x116 = addcarryx_u32(0x0, x65, x113);
 uint32_t x117 = (x112 & 0xffffffff);
 uint32_t x119, uint8_t/*bool*/ x120 = addcarryx_u32(x116, x68, x117);
 uint32_t x121 = (x112 & 0xffffffff);
 uint32_t x123, uint8_t/*bool*/ x124 = addcarryx_u32(x120, x71, x121);
 uint32_t x125 = (x112 & 0xffffffff);
 uint32_t x127, uint8_t/*bool*/ x128 = addcarryx_u32(x124, x74, x125);
 uint32_t x129 = (x112 & 0xffffffff);
 uint32_t x131, uint8_t/*bool*/ x132 = addcarryx_u32(x128, x77, x129);
 uint32_t x133 = (x112 & 0xffffffff);
 uint32_t x135, uint8_t/*bool*/ x136 = addcarryx_u32(x132, x80, x133);
 uint32_t x137 = (x112 & 0xffffffff);
 uint32_t x139, uint8_t/*bool*/ x140 = addcarryx_u32(x136, x83, x137);
 uint32_t x141 = (x112 & 0xffffffff);
 uint32_t x143, uint8_t/*bool*/ x144 = addcarryx_u32(x140, x86, x141);
 uint32_t x145 = (x112 & 0xffffffff);
 uint32_t x147, uint8_t/*bool*/ x148 = addcarryx_u32(x144, x89, x145);
 uint32_t x149 = (x112 & 0xffffffff);
 uint32_t x151, uint8_t/*bool*/ x152 = addcarryx_u32(x148, x92, x149);
 uint32_t x153 = (x112 & 0xffffffff);
 uint32_t x155, uint8_t/*bool*/ x156 = addcarryx_u32(x152, x95, x153);
 uint32_t x157 = (x112 & 0xffffffff);
 uint32_t x159, uint8_t/*bool*/ x160 = addcarryx_u32(x156, x98, x157);
 uint32_t x161 = (x112 & 0xffffffff);
 uint32_t x163, uint8_t/*bool*/ x164 = addcarryx_u32(x160, x101, x161);
 uint32_t x165 = (x112 & 0xffffffff);
 uint32_t x167, uint8_t/*bool*/ x168 = addcarryx_u32(x164, x104, x165);
 uint32_t x169 = (x112 & 0xffffffff);
 uint32_t x171, uint8_t/*bool*/ x172 = addcarryx_u32(x168, x107, x169);
 uint32_t x173 = (x112 & 0x7fffffff);
 uint32_t x175, uint8_t/*bool*/ _ = addcarryx_u32(x172, x110, x173);
 (Return x175, Return x171, Return x167, Return x163, Return x159, Return x155, Return x151, Return x147, Return x143, Return x139, Return x135, Return x131, Return x127, Return x123, Return x119, Return x115))
(x, x0)%core
     : word32 * word32 * word32 * word32 * word32 * word32 * word32 * word32 * word32 * word32 * word32 * word32 * word32 * word32 * word32 * word32 → word32 * word32 * word32 * word32 * word32 * word32 * word32 * word32 * word32 * word32 * word32 * word32 * word32 * word32 * word32 * word32 → ReturnType (uint32_t * uint32_t * uint32_t * uint32_t * uint32_t * uint32_t * uint32_t * uint32_t * uint32_t * uint32_t * uint32_t * uint32_t * uint32_t * uint32_t * uint32_t * uint32_t)
