λ x x0 : word32 * word32 * word32 * word32 * word32 * word32 * word32 * word32,
Interp-η
(λ var : Syntax.base_type → Type,
 λ '(x16, x17, x15, x13, x11, x9, x7, x5, (x30, x31, x29, x27, x25, x23, x21, x19))%core,
 uint32_t x33, uint32_t x34 = mulx_u32(x5, x19);
 uint32_t x36, uint32_t x37 = mulx_u32(x5, x21);
 uint32_t x39, uint32_t x40 = mulx_u32(x5, x23);
 uint32_t x42, uint32_t x43 = mulx_u32(x5, x25);
 uint32_t x45, uint32_t x46 = mulx_u32(x5, x27);
 uint32_t x48, uint32_t x49 = mulx_u32(x5, x29);
 uint32_t x51, uint32_t x52 = mulx_u32(x5, x31);
 uint32_t x54, uint32_t x55 = mulx_u32(x5, x30);
 uint32_t x57, uint8_t/*bool*/ x58 = addcarryx_u32(0x0, x34, x36);
 uint32_t x60, uint8_t/*bool*/ x61 = addcarryx_u32(x58, x37, x39);
 uint32_t x63, uint8_t/*bool*/ x64 = addcarryx_u32(x61, x40, x42);
 uint32_t x66, uint8_t/*bool*/ x67 = addcarryx_u32(x64, x43, x45);
 uint32_t x69, uint8_t/*bool*/ x70 = addcarryx_u32(x67, x46, x48);
 uint32_t x72, uint8_t/*bool*/ x73 = addcarryx_u32(x70, x49, x51);
 uint32_t x75, uint8_t/*bool*/ x76 = addcarryx_u32(x73, x52, x54);
 uint32_t x78, uint8_t/*bool*/ _ = addcarryx_u32(0x0, x76, x55);
 uint32_t x81, uint32_t _ = mulx_u32(x33, 0xcccccccd);
 uint32_t x84, uint32_t x85 = mulx_u32(x81, 0xfffffffb);
 uint32_t x87, uint32_t x88 = mulx_u32(x81, 0xffffffff);
 uint32_t x90, uint32_t x91 = mulx_u32(x81, 0xffffffff);
 uint32_t x93, uint32_t x94 = mulx_u32(x81, 0xffffffff);
 uint32_t x96, uint32_t x97 = mulx_u32(x81, 0xffffffff);
 uint32_t x99, uint32_t x100 = mulx_u32(x81, 0xffffffff);
 uint32_t x102, uint32_t x103 = mulx_u32(x81, 0xffffffff);
 uint32_t x105, uint8_t x106 = mulx_u32_out_u8(x81, 0x3);
 uint32_t x108, uint8_t/*bool*/ x109 = addcarryx_u32(0x0, x85, x87);
 uint32_t x111, uint8_t/*bool*/ x112 = addcarryx_u32(x109, x88, x90);
 uint32_t x114, uint8_t/*bool*/ x115 = addcarryx_u32(x112, x91, x93);
 uint32_t x117, uint8_t/*bool*/ x118 = addcarryx_u32(x115, x94, x96);
 uint32_t x120, uint8_t/*bool*/ x121 = addcarryx_u32(x118, x97, x99);
 uint32_t x123, uint8_t/*bool*/ x124 = addcarryx_u32(x121, x100, x102);
 uint32_t x126, uint8_t/*bool*/ x127 = addcarryx_u32(x124, x103, x105);
 uint8_t x128 = ((uint8_t)0x0 + x127);
 uint8_t x129 = (x128 + x106);
 uint32_t _, uint8_t/*bool*/ x132 = addcarryx_u32(0x0, x33, x84);
 uint32_t x134, uint8_t/*bool*/ x135 = addcarryx_u32(x132, x57, x108);
 uint32_t x137, uint8_t/*bool*/ x138 = addcarryx_u32(x135, x60, x111);
 uint32_t x140, uint8_t/*bool*/ x141 = addcarryx_u32(x138, x63, x114);
 uint32_t x143, uint8_t/*bool*/ x144 = addcarryx_u32(x141, x66, x117);
 uint32_t x146, uint8_t/*bool*/ x147 = addcarryx_u32(x144, x69, x120);
 uint32_t x149, uint8_t/*bool*/ x150 = addcarryx_u32(x147, x72, x123);
 uint32_t x152, uint8_t/*bool*/ x153 = addcarryx_u32(x150, x75, x126);
 uint32_t x155, uint8_t/*bool*/ x156 = addcarryx_u32(x153, x78, x129);
 uint8_t/*bool*/ x157 = (1&(x156 + 0x0));
 uint32_t x159, uint32_t x160 = mulx_u32(x7, x19);
 uint32_t x162, uint32_t x163 = mulx_u32(x7, x21);
 uint32_t x165, uint32_t x166 = mulx_u32(x7, x23);
 uint32_t x168, uint32_t x169 = mulx_u32(x7, x25);
 uint32_t x171, uint32_t x172 = mulx_u32(x7, x27);
 uint32_t x174, uint32_t x175 = mulx_u32(x7, x29);
 uint32_t x177, uint32_t x178 = mulx_u32(x7, x31);
 uint32_t x180, uint32_t x181 = mulx_u32(x7, x30);
 uint32_t x183, uint8_t/*bool*/ x184 = addcarryx_u32(0x0, x160, x162);
 uint32_t x186, uint8_t/*bool*/ x187 = addcarryx_u32(x184, x163, x165);
 uint32_t x189, uint8_t/*bool*/ x190 = addcarryx_u32(x187, x166, x168);
 uint32_t x192, uint8_t/*bool*/ x193 = addcarryx_u32(x190, x169, x171);
 uint32_t x195, uint8_t/*bool*/ x196 = addcarryx_u32(x193, x172, x174);
 uint32_t x198, uint8_t/*bool*/ x199 = addcarryx_u32(x196, x175, x177);
 uint32_t x201, uint8_t/*bool*/ x202 = addcarryx_u32(x199, x178, x180);
 uint32_t x204, uint8_t/*bool*/ _ = addcarryx_u32(0x0, x202, x181);
 uint32_t x207, uint8_t/*bool*/ x208 = addcarryx_u32(0x0, x134, x159);
 uint32_t x210, uint8_t/*bool*/ x211 = addcarryx_u32(x208, x137, x183);
 uint32_t x213, uint8_t/*bool*/ x214 = addcarryx_u32(x211, x140, x186);
 uint32_t x216, uint8_t/*bool*/ x217 = addcarryx_u32(x214, x143, x189);
 uint32_t x219, uint8_t/*bool*/ x220 = addcarryx_u32(x217, x146, x192);
 uint32_t x222, uint8_t/*bool*/ x223 = addcarryx_u32(x220, x149, x195);
 uint32_t x225, uint8_t/*bool*/ x226 = addcarryx_u32(x223, x152, x198);
 uint32_t x228, uint8_t/*bool*/ x229 = addcarryx_u32(x226, x155, x201);
 uint32_t x231, uint8_t/*bool*/ x232 = addcarryx_u32(x229, x157, x204);
 uint32_t x234, uint32_t _ = mulx_u32(x207, 0xcccccccd);
 uint32_t x237, uint32_t x238 = mulx_u32(x234, 0xfffffffb);
 uint32_t x240, uint32_t x241 = mulx_u32(x234, 0xffffffff);
 uint32_t x243, uint32_t x244 = mulx_u32(x234, 0xffffffff);
 uint32_t x246, uint32_t x247 = mulx_u32(x234, 0xffffffff);
 uint32_t x249, uint32_t x250 = mulx_u32(x234, 0xffffffff);
 uint32_t x252, uint32_t x253 = mulx_u32(x234, 0xffffffff);
 uint32_t x255, uint32_t x256 = mulx_u32(x234, 0xffffffff);
 uint32_t x258, uint8_t x259 = mulx_u32_out_u8(x234, 0x3);
 uint32_t x261, uint8_t/*bool*/ x262 = addcarryx_u32(0x0, x238, x240);
 uint32_t x264, uint8_t/*bool*/ x265 = addcarryx_u32(x262, x241, x243);
 uint32_t x267, uint8_t/*bool*/ x268 = addcarryx_u32(x265, x244, x246);
 uint32_t x270, uint8_t/*bool*/ x271 = addcarryx_u32(x268, x247, x249);
 uint32_t x273, uint8_t/*bool*/ x274 = addcarryx_u32(x271, x250, x252);
 uint32_t x276, uint8_t/*bool*/ x277 = addcarryx_u32(x274, x253, x255);
 uint32_t x279, uint8_t/*bool*/ x280 = addcarryx_u32(x277, x256, x258);
 uint8_t x281 = ((uint8_t)0x0 + x280);
 uint8_t x282 = (x281 + x259);
 uint32_t _, uint8_t/*bool*/ x285 = addcarryx_u32(0x0, x207, x237);
 uint32_t x287, uint8_t/*bool*/ x288 = addcarryx_u32(x285, x210, x261);
 uint32_t x290, uint8_t/*bool*/ x291 = addcarryx_u32(x288, x213, x264);
 uint32_t x293, uint8_t/*bool*/ x294 = addcarryx_u32(x291, x216, x267);
 uint32_t x296, uint8_t/*bool*/ x297 = addcarryx_u32(x294, x219, x270);
 uint32_t x299, uint8_t/*bool*/ x300 = addcarryx_u32(x297, x222, x273);
 uint32_t x302, uint8_t/*bool*/ x303 = addcarryx_u32(x300, x225, x276);
 uint32_t x305, uint8_t/*bool*/ x306 = addcarryx_u32(x303, x228, x279);
 uint32_t x308, uint8_t/*bool*/ x309 = addcarryx_u32(x306, x231, x282);
 uint8_t x310 = ((uint8_t)x309 + x232);
 uint32_t x312, uint32_t x313 = mulx_u32(x9, x19);
 uint32_t x315, uint32_t x316 = mulx_u32(x9, x21);
 uint32_t x318, uint32_t x319 = mulx_u32(x9, x23);
 uint32_t x321, uint32_t x322 = mulx_u32(x9, x25);
 uint32_t x324, uint32_t x325 = mulx_u32(x9, x27);
 uint32_t x327, uint32_t x328 = mulx_u32(x9, x29);
 uint32_t x330, uint32_t x331 = mulx_u32(x9, x31);
 uint32_t x333, uint32_t x334 = mulx_u32(x9, x30);
 uint32_t x336, uint8_t/*bool*/ x337 = addcarryx_u32(0x0, x313, x315);
 uint32_t x339, uint8_t/*bool*/ x340 = addcarryx_u32(x337, x316, x318);
 uint32_t x342, uint8_t/*bool*/ x343 = addcarryx_u32(x340, x319, x321);
 uint32_t x345, uint8_t/*bool*/ x346 = addcarryx_u32(x343, x322, x324);
 uint32_t x348, uint8_t/*bool*/ x349 = addcarryx_u32(x346, x325, x327);
 uint32_t x351, uint8_t/*bool*/ x352 = addcarryx_u32(x349, x328, x330);
 uint32_t x354, uint8_t/*bool*/ x355 = addcarryx_u32(x352, x331, x333);
 uint32_t x357, uint8_t/*bool*/ _ = addcarryx_u32(0x0, x355, x334);
 uint32_t x360, uint8_t/*bool*/ x361 = addcarryx_u32(0x0, x287, x312);
 uint32_t x363, uint8_t/*bool*/ x364 = addcarryx_u32(x361, x290, x336);
 uint32_t x366, uint8_t/*bool*/ x367 = addcarryx_u32(x364, x293, x339);
 uint32_t x369, uint8_t/*bool*/ x370 = addcarryx_u32(x367, x296, x342);
 uint32_t x372, uint8_t/*bool*/ x373 = addcarryx_u32(x370, x299, x345);
 uint32_t x375, uint8_t/*bool*/ x376 = addcarryx_u32(x373, x302, x348);
 uint32_t x378, uint8_t/*bool*/ x379 = addcarryx_u32(x376, x305, x351);
 uint32_t x381, uint8_t/*bool*/ x382 = addcarryx_u32(x379, x308, x354);
 uint32_t x384, uint8_t/*bool*/ x385 = addcarryx_u32(x382, x310, x357);
 uint32_t x387, uint32_t _ = mulx_u32(x360, 0xcccccccd);
 uint32_t x390, uint32_t x391 = mulx_u32(x387, 0xfffffffb);
 uint32_t x393, uint32_t x394 = mulx_u32(x387, 0xffffffff);
 uint32_t x396, uint32_t x397 = mulx_u32(x387, 0xffffffff);
 uint32_t x399, uint32_t x400 = mulx_u32(x387, 0xffffffff);
 uint32_t x402, uint32_t x403 = mulx_u32(x387, 0xffffffff);
 uint32_t x405, uint32_t x406 = mulx_u32(x387, 0xffffffff);
 uint32_t x408, uint32_t x409 = mulx_u32(x387, 0xffffffff);
 uint32_t x411, uint8_t x412 = mulx_u32_out_u8(x387, 0x3);
 uint32_t x414, uint8_t/*bool*/ x415 = addcarryx_u32(0x0, x391, x393);
 uint32_t x417, uint8_t/*bool*/ x418 = addcarryx_u32(x415, x394, x396);
 uint32_t x420, uint8_t/*bool*/ x421 = addcarryx_u32(x418, x397, x399);
 uint32_t x423, uint8_t/*bool*/ x424 = addcarryx_u32(x421, x400, x402);
 uint32_t x426, uint8_t/*bool*/ x427 = addcarryx_u32(x424, x403, x405);
 uint32_t x429, uint8_t/*bool*/ x430 = addcarryx_u32(x427, x406, x408);
 uint32_t x432, uint8_t/*bool*/ x433 = addcarryx_u32(x430, x409, x411);
 uint8_t x434 = ((uint8_t)0x0 + x433);
 uint8_t x435 = (x434 + x412);
 uint32_t _, uint8_t/*bool*/ x438 = addcarryx_u32(0x0, x360, x390);
 uint32_t x440, uint8_t/*bool*/ x441 = addcarryx_u32(x438, x363, x414);
 uint32_t x443, uint8_t/*bool*/ x444 = addcarryx_u32(x441, x366, x417);
 uint32_t x446, uint8_t/*bool*/ x447 = addcarryx_u32(x444, x369, x420);
 uint32_t x449, uint8_t/*bool*/ x450 = addcarryx_u32(x447, x372, x423);
 uint32_t x452, uint8_t/*bool*/ x453 = addcarryx_u32(x450, x375, x426);
 uint32_t x455, uint8_t/*bool*/ x456 = addcarryx_u32(x453, x378, x429);
 uint32_t x458, uint8_t/*bool*/ x459 = addcarryx_u32(x456, x381, x432);
 uint32_t x461, uint8_t/*bool*/ x462 = addcarryx_u32(x459, x384, x435);
 uint8_t x463 = ((uint8_t)x462 + x385);
 uint32_t x465, uint32_t x466 = mulx_u32(x11, x19);
 uint32_t x468, uint32_t x469 = mulx_u32(x11, x21);
 uint32_t x471, uint32_t x472 = mulx_u32(x11, x23);
 uint32_t x474, uint32_t x475 = mulx_u32(x11, x25);
 uint32_t x477, uint32_t x478 = mulx_u32(x11, x27);
 uint32_t x480, uint32_t x481 = mulx_u32(x11, x29);
 uint32_t x483, uint32_t x484 = mulx_u32(x11, x31);
 uint32_t x486, uint32_t x487 = mulx_u32(x11, x30);
 uint32_t x489, uint8_t/*bool*/ x490 = addcarryx_u32(0x0, x466, x468);
 uint32_t x492, uint8_t/*bool*/ x493 = addcarryx_u32(x490, x469, x471);
 uint32_t x495, uint8_t/*bool*/ x496 = addcarryx_u32(x493, x472, x474);
 uint32_t x498, uint8_t/*bool*/ x499 = addcarryx_u32(x496, x475, x477);
 uint32_t x501, uint8_t/*bool*/ x502 = addcarryx_u32(x499, x478, x480);
 uint32_t x504, uint8_t/*bool*/ x505 = addcarryx_u32(x502, x481, x483);
 uint32_t x507, uint8_t/*bool*/ x508 = addcarryx_u32(x505, x484, x486);
 uint32_t x510, uint8_t/*bool*/ _ = addcarryx_u32(0x0, x508, x487);
 uint32_t x513, uint8_t/*bool*/ x514 = addcarryx_u32(0x0, x440, x465);
 uint32_t x516, uint8_t/*bool*/ x517 = addcarryx_u32(x514, x443, x489);
 uint32_t x519, uint8_t/*bool*/ x520 = addcarryx_u32(x517, x446, x492);
 uint32_t x522, uint8_t/*bool*/ x523 = addcarryx_u32(x520, x449, x495);
 uint32_t x525, uint8_t/*bool*/ x526 = addcarryx_u32(x523, x452, x498);
 uint32_t x528, uint8_t/*bool*/ x529 = addcarryx_u32(x526, x455, x501);
 uint32_t x531, uint8_t/*bool*/ x532 = addcarryx_u32(x529, x458, x504);
 uint32_t x534, uint8_t/*bool*/ x535 = addcarryx_u32(x532, x461, x507);
 uint32_t x537, uint8_t/*bool*/ x538 = addcarryx_u32(x535, x463, x510);
 uint32_t x540, uint32_t _ = mulx_u32(x513, 0xcccccccd);
 uint32_t x543, uint32_t x544 = mulx_u32(x540, 0xfffffffb);
 uint32_t x546, uint32_t x547 = mulx_u32(x540, 0xffffffff);
 uint32_t x549, uint32_t x550 = mulx_u32(x540, 0xffffffff);
 uint32_t x552, uint32_t x553 = mulx_u32(x540, 0xffffffff);
 uint32_t x555, uint32_t x556 = mulx_u32(x540, 0xffffffff);
 uint32_t x558, uint32_t x559 = mulx_u32(x540, 0xffffffff);
 uint32_t x561, uint32_t x562 = mulx_u32(x540, 0xffffffff);
 uint32_t x564, uint8_t x565 = mulx_u32_out_u8(x540, 0x3);
 uint32_t x567, uint8_t/*bool*/ x568 = addcarryx_u32(0x0, x544, x546);
 uint32_t x570, uint8_t/*bool*/ x571 = addcarryx_u32(x568, x547, x549);
 uint32_t x573, uint8_t/*bool*/ x574 = addcarryx_u32(x571, x550, x552);
 uint32_t x576, uint8_t/*bool*/ x577 = addcarryx_u32(x574, x553, x555);
 uint32_t x579, uint8_t/*bool*/ x580 = addcarryx_u32(x577, x556, x558);
 uint32_t x582, uint8_t/*bool*/ x583 = addcarryx_u32(x580, x559, x561);
 uint32_t x585, uint8_t/*bool*/ x586 = addcarryx_u32(x583, x562, x564);
 uint8_t x587 = ((uint8_t)0x0 + x586);
 uint8_t x588 = (x587 + x565);
 uint32_t _, uint8_t/*bool*/ x591 = addcarryx_u32(0x0, x513, x543);
 uint32_t x593, uint8_t/*bool*/ x594 = addcarryx_u32(x591, x516, x567);
 uint32_t x596, uint8_t/*bool*/ x597 = addcarryx_u32(x594, x519, x570);
 uint32_t x599, uint8_t/*bool*/ x600 = addcarryx_u32(x597, x522, x573);
 uint32_t x602, uint8_t/*bool*/ x603 = addcarryx_u32(x600, x525, x576);
 uint32_t x605, uint8_t/*bool*/ x606 = addcarryx_u32(x603, x528, x579);
 uint32_t x608, uint8_t/*bool*/ x609 = addcarryx_u32(x606, x531, x582);
 uint32_t x611, uint8_t/*bool*/ x612 = addcarryx_u32(x609, x534, x585);
 uint32_t x614, uint8_t/*bool*/ x615 = addcarryx_u32(x612, x537, x588);
 uint8_t x616 = ((uint8_t)x615 + x538);
 uint32_t x618, uint32_t x619 = mulx_u32(x13, x19);
 uint32_t x621, uint32_t x622 = mulx_u32(x13, x21);
 uint32_t x624, uint32_t x625 = mulx_u32(x13, x23);
 uint32_t x627, uint32_t x628 = mulx_u32(x13, x25);
 uint32_t x630, uint32_t x631 = mulx_u32(x13, x27);
 uint32_t x633, uint32_t x634 = mulx_u32(x13, x29);
 uint32_t x636, uint32_t x637 = mulx_u32(x13, x31);
 uint32_t x639, uint32_t x640 = mulx_u32(x13, x30);
 uint32_t x642, uint8_t/*bool*/ x643 = addcarryx_u32(0x0, x619, x621);
 uint32_t x645, uint8_t/*bool*/ x646 = addcarryx_u32(x643, x622, x624);
 uint32_t x648, uint8_t/*bool*/ x649 = addcarryx_u32(x646, x625, x627);
 uint32_t x651, uint8_t/*bool*/ x652 = addcarryx_u32(x649, x628, x630);
 uint32_t x654, uint8_t/*bool*/ x655 = addcarryx_u32(x652, x631, x633);
 uint32_t x657, uint8_t/*bool*/ x658 = addcarryx_u32(x655, x634, x636);
 uint32_t x660, uint8_t/*bool*/ x661 = addcarryx_u32(x658, x637, x639);
 uint32_t x663, uint8_t/*bool*/ _ = addcarryx_u32(0x0, x661, x640);
 uint32_t x666, uint8_t/*bool*/ x667 = addcarryx_u32(0x0, x593, x618);
 uint32_t x669, uint8_t/*bool*/ x670 = addcarryx_u32(x667, x596, x642);
 uint32_t x672, uint8_t/*bool*/ x673 = addcarryx_u32(x670, x599, x645);
 uint32_t x675, uint8_t/*bool*/ x676 = addcarryx_u32(x673, x602, x648);
 uint32_t x678, uint8_t/*bool*/ x679 = addcarryx_u32(x676, x605, x651);
 uint32_t x681, uint8_t/*bool*/ x682 = addcarryx_u32(x679, x608, x654);
 uint32_t x684, uint8_t/*bool*/ x685 = addcarryx_u32(x682, x611, x657);
 uint32_t x687, uint8_t/*bool*/ x688 = addcarryx_u32(x685, x614, x660);
 uint32_t x690, uint8_t/*bool*/ x691 = addcarryx_u32(x688, x616, x663);
 uint32_t x693, uint32_t _ = mulx_u32(x666, 0xcccccccd);
 uint32_t x696, uint32_t x697 = mulx_u32(x693, 0xfffffffb);
 uint32_t x699, uint32_t x700 = mulx_u32(x693, 0xffffffff);
 uint32_t x702, uint32_t x703 = mulx_u32(x693, 0xffffffff);
 uint32_t x705, uint32_t x706 = mulx_u32(x693, 0xffffffff);
 uint32_t x708, uint32_t x709 = mulx_u32(x693, 0xffffffff);
 uint32_t x711, uint32_t x712 = mulx_u32(x693, 0xffffffff);
 uint32_t x714, uint32_t x715 = mulx_u32(x693, 0xffffffff);
 uint32_t x717, uint8_t x718 = mulx_u32_out_u8(x693, 0x3);
 uint32_t x720, uint8_t/*bool*/ x721 = addcarryx_u32(0x0, x697, x699);
 uint32_t x723, uint8_t/*bool*/ x724 = addcarryx_u32(x721, x700, x702);
 uint32_t x726, uint8_t/*bool*/ x727 = addcarryx_u32(x724, x703, x705);
 uint32_t x729, uint8_t/*bool*/ x730 = addcarryx_u32(x727, x706, x708);
 uint32_t x732, uint8_t/*bool*/ x733 = addcarryx_u32(x730, x709, x711);
 uint32_t x735, uint8_t/*bool*/ x736 = addcarryx_u32(x733, x712, x714);
 uint32_t x738, uint8_t/*bool*/ x739 = addcarryx_u32(x736, x715, x717);
 uint8_t x740 = ((uint8_t)0x0 + x739);
 uint8_t x741 = (x740 + x718);
 uint32_t _, uint8_t/*bool*/ x744 = addcarryx_u32(0x0, x666, x696);
 uint32_t x746, uint8_t/*bool*/ x747 = addcarryx_u32(x744, x669, x720);
 uint32_t x749, uint8_t/*bool*/ x750 = addcarryx_u32(x747, x672, x723);
 uint32_t x752, uint8_t/*bool*/ x753 = addcarryx_u32(x750, x675, x726);
 uint32_t x755, uint8_t/*bool*/ x756 = addcarryx_u32(x753, x678, x729);
 uint32_t x758, uint8_t/*bool*/ x759 = addcarryx_u32(x756, x681, x732);
 uint32_t x761, uint8_t/*bool*/ x762 = addcarryx_u32(x759, x684, x735);
 uint32_t x764, uint8_t/*bool*/ x765 = addcarryx_u32(x762, x687, x738);
 uint32_t x767, uint8_t/*bool*/ x768 = addcarryx_u32(x765, x690, x741);
 uint8_t x769 = ((uint8_t)x768 + x691);
 uint32_t x771, uint32_t x772 = mulx_u32(x15, x19);
 uint32_t x774, uint32_t x775 = mulx_u32(x15, x21);
 uint32_t x777, uint32_t x778 = mulx_u32(x15, x23);
 uint32_t x780, uint32_t x781 = mulx_u32(x15, x25);
 uint32_t x783, uint32_t x784 = mulx_u32(x15, x27);
 uint32_t x786, uint32_t x787 = mulx_u32(x15, x29);
 uint32_t x789, uint32_t x790 = mulx_u32(x15, x31);
 uint32_t x792, uint32_t x793 = mulx_u32(x15, x30);
 uint32_t x795, uint8_t/*bool*/ x796 = addcarryx_u32(0x0, x772, x774);
 uint32_t x798, uint8_t/*bool*/ x799 = addcarryx_u32(x796, x775, x777);
 uint32_t x801, uint8_t/*bool*/ x802 = addcarryx_u32(x799, x778, x780);
 uint32_t x804, uint8_t/*bool*/ x805 = addcarryx_u32(x802, x781, x783);
 uint32_t x807, uint8_t/*bool*/ x808 = addcarryx_u32(x805, x784, x786);
 uint32_t x810, uint8_t/*bool*/ x811 = addcarryx_u32(x808, x787, x789);
 uint32_t x813, uint8_t/*bool*/ x814 = addcarryx_u32(x811, x790, x792);
 uint32_t x816, uint8_t/*bool*/ _ = addcarryx_u32(0x0, x814, x793);
 uint32_t x819, uint8_t/*bool*/ x820 = addcarryx_u32(0x0, x746, x771);
 uint32_t x822, uint8_t/*bool*/ x823 = addcarryx_u32(x820, x749, x795);
 uint32_t x825, uint8_t/*bool*/ x826 = addcarryx_u32(x823, x752, x798);
 uint32_t x828, uint8_t/*bool*/ x829 = addcarryx_u32(x826, x755, x801);
 uint32_t x831, uint8_t/*bool*/ x832 = addcarryx_u32(x829, x758, x804);
 uint32_t x834, uint8_t/*bool*/ x835 = addcarryx_u32(x832, x761, x807);
 uint32_t x837, uint8_t/*bool*/ x838 = addcarryx_u32(x835, x764, x810);
 uint32_t x840, uint8_t/*bool*/ x841 = addcarryx_u32(x838, x767, x813);
 uint32_t x843, uint8_t/*bool*/ x844 = addcarryx_u32(x841, x769, x816);
 uint32_t x846, uint32_t _ = mulx_u32(x819, 0xcccccccd);
 uint32_t x849, uint32_t x850 = mulx_u32(x846, 0xfffffffb);
 uint32_t x852, uint32_t x853 = mulx_u32(x846, 0xffffffff);
 uint32_t x855, uint32_t x856 = mulx_u32(x846, 0xffffffff);
 uint32_t x858, uint32_t x859 = mulx_u32(x846, 0xffffffff);
 uint32_t x861, uint32_t x862 = mulx_u32(x846, 0xffffffff);
 uint32_t x864, uint32_t x865 = mulx_u32(x846, 0xffffffff);
 uint32_t x867, uint32_t x868 = mulx_u32(x846, 0xffffffff);
 uint32_t x870, uint8_t x871 = mulx_u32_out_u8(x846, 0x3);
 uint32_t x873, uint8_t/*bool*/ x874 = addcarryx_u32(0x0, x850, x852);
 uint32_t x876, uint8_t/*bool*/ x877 = addcarryx_u32(x874, x853, x855);
 uint32_t x879, uint8_t/*bool*/ x880 = addcarryx_u32(x877, x856, x858);
 uint32_t x882, uint8_t/*bool*/ x883 = addcarryx_u32(x880, x859, x861);
 uint32_t x885, uint8_t/*bool*/ x886 = addcarryx_u32(x883, x862, x864);
 uint32_t x888, uint8_t/*bool*/ x889 = addcarryx_u32(x886, x865, x867);
 uint32_t x891, uint8_t/*bool*/ x892 = addcarryx_u32(x889, x868, x870);
 uint8_t x893 = ((uint8_t)0x0 + x892);
 uint8_t x894 = (x893 + x871);
 uint32_t _, uint8_t/*bool*/ x897 = addcarryx_u32(0x0, x819, x849);
 uint32_t x899, uint8_t/*bool*/ x900 = addcarryx_u32(x897, x822, x873);
 uint32_t x902, uint8_t/*bool*/ x903 = addcarryx_u32(x900, x825, x876);
 uint32_t x905, uint8_t/*bool*/ x906 = addcarryx_u32(x903, x828, x879);
 uint32_t x908, uint8_t/*bool*/ x909 = addcarryx_u32(x906, x831, x882);
 uint32_t x911, uint8_t/*bool*/ x912 = addcarryx_u32(x909, x834, x885);
 uint32_t x914, uint8_t/*bool*/ x915 = addcarryx_u32(x912, x837, x888);
 uint32_t x917, uint8_t/*bool*/ x918 = addcarryx_u32(x915, x840, x891);
 uint32_t x920, uint8_t/*bool*/ x921 = addcarryx_u32(x918, x843, x894);
 uint8_t x922 = ((uint8_t)x921 + x844);
 uint32_t x924, uint32_t x925 = mulx_u32(x17, x19);
 uint32_t x927, uint32_t x928 = mulx_u32(x17, x21);
 uint32_t x930, uint32_t x931 = mulx_u32(x17, x23);
 uint32_t x933, uint32_t x934 = mulx_u32(x17, x25);
 uint32_t x936, uint32_t x937 = mulx_u32(x17, x27);
 uint32_t x939, uint32_t x940 = mulx_u32(x17, x29);
 uint32_t x942, uint32_t x943 = mulx_u32(x17, x31);
 uint32_t x945, uint32_t x946 = mulx_u32(x17, x30);
 uint32_t x948, uint8_t/*bool*/ x949 = addcarryx_u32(0x0, x925, x927);
 uint32_t x951, uint8_t/*bool*/ x952 = addcarryx_u32(x949, x928, x930);
 uint32_t x954, uint8_t/*bool*/ x955 = addcarryx_u32(x952, x931, x933);
 uint32_t x957, uint8_t/*bool*/ x958 = addcarryx_u32(x955, x934, x936);
 uint32_t x960, uint8_t/*bool*/ x961 = addcarryx_u32(x958, x937, x939);
 uint32_t x963, uint8_t/*bool*/ x964 = addcarryx_u32(x961, x940, x942);
 uint32_t x966, uint8_t/*bool*/ x967 = addcarryx_u32(x964, x943, x945);
 uint32_t x969, uint8_t/*bool*/ _ = addcarryx_u32(0x0, x967, x946);
 uint32_t x972, uint8_t/*bool*/ x973 = addcarryx_u32(0x0, x899, x924);
 uint32_t x975, uint8_t/*bool*/ x976 = addcarryx_u32(x973, x902, x948);
 uint32_t x978, uint8_t/*bool*/ x979 = addcarryx_u32(x976, x905, x951);
 uint32_t x981, uint8_t/*bool*/ x982 = addcarryx_u32(x979, x908, x954);
 uint32_t x984, uint8_t/*bool*/ x985 = addcarryx_u32(x982, x911, x957);
 uint32_t x987, uint8_t/*bool*/ x988 = addcarryx_u32(x985, x914, x960);
 uint32_t x990, uint8_t/*bool*/ x991 = addcarryx_u32(x988, x917, x963);
 uint32_t x993, uint8_t/*bool*/ x994 = addcarryx_u32(x991, x920, x966);
 uint32_t x996, uint8_t/*bool*/ x997 = addcarryx_u32(x994, x922, x969);
 uint32_t x999, uint32_t _ = mulx_u32(x972, 0xcccccccd);
 uint32_t x1002, uint32_t x1003 = mulx_u32(x999, 0xfffffffb);
 uint32_t x1005, uint32_t x1006 = mulx_u32(x999, 0xffffffff);
 uint32_t x1008, uint32_t x1009 = mulx_u32(x999, 0xffffffff);
 uint32_t x1011, uint32_t x1012 = mulx_u32(x999, 0xffffffff);
 uint32_t x1014, uint32_t x1015 = mulx_u32(x999, 0xffffffff);
 uint32_t x1017, uint32_t x1018 = mulx_u32(x999, 0xffffffff);
 uint32_t x1020, uint32_t x1021 = mulx_u32(x999, 0xffffffff);
 uint32_t x1023, uint8_t x1024 = mulx_u32_out_u8(x999, 0x3);
 uint32_t x1026, uint8_t/*bool*/ x1027 = addcarryx_u32(0x0, x1003, x1005);
 uint32_t x1029, uint8_t/*bool*/ x1030 = addcarryx_u32(x1027, x1006, x1008);
 uint32_t x1032, uint8_t/*bool*/ x1033 = addcarryx_u32(x1030, x1009, x1011);
 uint32_t x1035, uint8_t/*bool*/ x1036 = addcarryx_u32(x1033, x1012, x1014);
 uint32_t x1038, uint8_t/*bool*/ x1039 = addcarryx_u32(x1036, x1015, x1017);
 uint32_t x1041, uint8_t/*bool*/ x1042 = addcarryx_u32(x1039, x1018, x1020);
 uint32_t x1044, uint8_t/*bool*/ x1045 = addcarryx_u32(x1042, x1021, x1023);
 uint8_t x1046 = ((uint8_t)0x0 + x1045);
 uint8_t x1047 = (x1046 + x1024);
 uint32_t _, uint8_t/*bool*/ x1050 = addcarryx_u32(0x0, x972, x1002);
 uint32_t x1052, uint8_t/*bool*/ x1053 = addcarryx_u32(x1050, x975, x1026);
 uint32_t x1055, uint8_t/*bool*/ x1056 = addcarryx_u32(x1053, x978, x1029);
 uint32_t x1058, uint8_t/*bool*/ x1059 = addcarryx_u32(x1056, x981, x1032);
 uint32_t x1061, uint8_t/*bool*/ x1062 = addcarryx_u32(x1059, x984, x1035);
 uint32_t x1064, uint8_t/*bool*/ x1065 = addcarryx_u32(x1062, x987, x1038);
 uint32_t x1067, uint8_t/*bool*/ x1068 = addcarryx_u32(x1065, x990, x1041);
 uint32_t x1070, uint8_t/*bool*/ x1071 = addcarryx_u32(x1068, x993, x1044);
 uint32_t x1073, uint8_t/*bool*/ x1074 = addcarryx_u32(x1071, x996, x1047);
 uint8_t x1075 = ((uint8_t)x1074 + x997);
 uint32_t x1077, uint32_t x1078 = mulx_u32(x16, x19);
 uint32_t x1080, uint32_t x1081 = mulx_u32(x16, x21);
 uint32_t x1083, uint32_t x1084 = mulx_u32(x16, x23);
 uint32_t x1086, uint32_t x1087 = mulx_u32(x16, x25);
 uint32_t x1089, uint32_t x1090 = mulx_u32(x16, x27);
 uint32_t x1092, uint32_t x1093 = mulx_u32(x16, x29);
 uint32_t x1095, uint32_t x1096 = mulx_u32(x16, x31);
 uint32_t x1098, uint32_t x1099 = mulx_u32(x16, x30);
 uint32_t x1101, uint8_t/*bool*/ x1102 = addcarryx_u32(0x0, x1078, x1080);
 uint32_t x1104, uint8_t/*bool*/ x1105 = addcarryx_u32(x1102, x1081, x1083);
 uint32_t x1107, uint8_t/*bool*/ x1108 = addcarryx_u32(x1105, x1084, x1086);
 uint32_t x1110, uint8_t/*bool*/ x1111 = addcarryx_u32(x1108, x1087, x1089);
 uint32_t x1113, uint8_t/*bool*/ x1114 = addcarryx_u32(x1111, x1090, x1092);
 uint32_t x1116, uint8_t/*bool*/ x1117 = addcarryx_u32(x1114, x1093, x1095);
 uint32_t x1119, uint8_t/*bool*/ x1120 = addcarryx_u32(x1117, x1096, x1098);
 uint32_t x1122, uint8_t/*bool*/ _ = addcarryx_u32(0x0, x1120, x1099);
 uint32_t x1125, uint8_t/*bool*/ x1126 = addcarryx_u32(0x0, x1052, x1077);
 uint32_t x1128, uint8_t/*bool*/ x1129 = addcarryx_u32(x1126, x1055, x1101);
 uint32_t x1131, uint8_t/*bool*/ x1132 = addcarryx_u32(x1129, x1058, x1104);
 uint32_t x1134, uint8_t/*bool*/ x1135 = addcarryx_u32(x1132, x1061, x1107);
 uint32_t x1137, uint8_t/*bool*/ x1138 = addcarryx_u32(x1135, x1064, x1110);
 uint32_t x1140, uint8_t/*bool*/ x1141 = addcarryx_u32(x1138, x1067, x1113);
 uint32_t x1143, uint8_t/*bool*/ x1144 = addcarryx_u32(x1141, x1070, x1116);
 uint32_t x1146, uint8_t/*bool*/ x1147 = addcarryx_u32(x1144, x1073, x1119);
 uint32_t x1149, uint8_t/*bool*/ x1150 = addcarryx_u32(x1147, x1075, x1122);
 uint32_t x1152, uint32_t _ = mulx_u32(x1125, 0xcccccccd);
 uint32_t x1155, uint32_t x1156 = mulx_u32(x1152, 0xfffffffb);
 uint32_t x1158, uint32_t x1159 = mulx_u32(x1152, 0xffffffff);
 uint32_t x1161, uint32_t x1162 = mulx_u32(x1152, 0xffffffff);
 uint32_t x1164, uint32_t x1165 = mulx_u32(x1152, 0xffffffff);
 uint32_t x1167, uint32_t x1168 = mulx_u32(x1152, 0xffffffff);
 uint32_t x1170, uint32_t x1171 = mulx_u32(x1152, 0xffffffff);
 uint32_t x1173, uint32_t x1174 = mulx_u32(x1152, 0xffffffff);
 uint32_t x1176, uint8_t x1177 = mulx_u32_out_u8(x1152, 0x3);
 uint32_t x1179, uint8_t/*bool*/ x1180 = addcarryx_u32(0x0, x1156, x1158);
 uint32_t x1182, uint8_t/*bool*/ x1183 = addcarryx_u32(x1180, x1159, x1161);
 uint32_t x1185, uint8_t/*bool*/ x1186 = addcarryx_u32(x1183, x1162, x1164);
 uint32_t x1188, uint8_t/*bool*/ x1189 = addcarryx_u32(x1186, x1165, x1167);
 uint32_t x1191, uint8_t/*bool*/ x1192 = addcarryx_u32(x1189, x1168, x1170);
 uint32_t x1194, uint8_t/*bool*/ x1195 = addcarryx_u32(x1192, x1171, x1173);
 uint32_t x1197, uint8_t/*bool*/ x1198 = addcarryx_u32(x1195, x1174, x1176);
 uint8_t x1199 = ((uint8_t)0x0 + x1198);
 uint8_t x1200 = (x1199 + x1177);
 uint32_t _, uint8_t/*bool*/ x1203 = addcarryx_u32(0x0, x1125, x1155);
 uint32_t x1205, uint8_t/*bool*/ x1206 = addcarryx_u32(x1203, x1128, x1179);
 uint32_t x1208, uint8_t/*bool*/ x1209 = addcarryx_u32(x1206, x1131, x1182);
 uint32_t x1211, uint8_t/*bool*/ x1212 = addcarryx_u32(x1209, x1134, x1185);
 uint32_t x1214, uint8_t/*bool*/ x1215 = addcarryx_u32(x1212, x1137, x1188);
 uint32_t x1217, uint8_t/*bool*/ x1218 = addcarryx_u32(x1215, x1140, x1191);
 uint32_t x1220, uint8_t/*bool*/ x1221 = addcarryx_u32(x1218, x1143, x1194);
 uint32_t x1223, uint8_t/*bool*/ x1224 = addcarryx_u32(x1221, x1146, x1197);
 uint32_t x1226, uint8_t/*bool*/ x1227 = addcarryx_u32(x1224, x1149, x1200);
 uint8_t x1228 = ((uint8_t)x1227 + x1150);
 uint32_t x1230, uint8_t/*bool*/ x1231 = subborrow_u32(0x0, x1205, 0xfffffffb);
 uint32_t x1233, uint8_t/*bool*/ x1234 = subborrow_u32(x1231, x1208, 0xffffffff);
 uint32_t x1236, uint8_t/*bool*/ x1237 = subborrow_u32(x1234, x1211, 0xffffffff);
 uint32_t x1239, uint8_t/*bool*/ x1240 = subborrow_u32(x1237, x1214, 0xffffffff);
 uint32_t x1242, uint8_t/*bool*/ x1243 = subborrow_u32(x1240, x1217, 0xffffffff);
 uint32_t x1245, uint8_t/*bool*/ x1246 = subborrow_u32(x1243, x1220, 0xffffffff);
 uint32_t x1248, uint8_t/*bool*/ x1249 = subborrow_u32(x1246, x1223, 0xffffffff);
 uint32_t x1251, uint8_t/*bool*/ x1252 = subborrow_u32(x1249, x1226, 0x3);
 uint32_t _, uint8_t/*bool*/ x1255 = subborrow_u32(x1252, x1228, 0x0);
 uint32_t x1256 = cmovznz32(x1255, x1251, x1226);
 uint32_t x1257 = cmovznz32(x1255, x1248, x1223);
 uint32_t x1258 = cmovznz32(x1255, x1245, x1220);
 uint32_t x1259 = cmovznz32(x1255, x1242, x1217);
 uint32_t x1260 = cmovznz32(x1255, x1239, x1214);
 uint32_t x1261 = cmovznz32(x1255, x1236, x1211);
 uint32_t x1262 = cmovznz32(x1255, x1233, x1208);
 uint32_t x1263 = cmovznz32(x1255, x1230, x1205);
 return (x1256, x1257, x1258, x1259, x1260, x1261, x1262, x1263))
(x, x0)%core
     : word32 * word32 * word32 * word32 * word32 * word32 * word32 * word32 → word32 * word32 * word32 * word32 * word32 * word32 * word32 * word32 → ReturnType (uint32_t * uint32_t * uint32_t * uint32_t * uint32_t * uint32_t * uint32_t * uint32_t)
