λ x x0 : word32 * word32 * word32 * word32 * word32 * word32 * word32 * word32 * word32 * word32 * word32,
Interp-η
(λ var : Syntax.base_type → Type,
 λ '(x22, x23, x21, x19, x17, x15, x13, x11, x9, x7, x5, (x42, x43, x41, x39, x37, x35, x33, x31, x29, x27, x25))%core,
 uint32_t x45, uint8_t/*bool*/ x46 = subborrow_u32(0x0, x5, x25);
 uint32_t x48, uint8_t/*bool*/ x49 = subborrow_u32(x46, x7, x27);
 uint32_t x51, uint8_t/*bool*/ x52 = subborrow_u32(x49, x9, x29);
 uint32_t x54, uint8_t/*bool*/ x55 = subborrow_u32(x52, x11, x31);
 uint32_t x57, uint8_t/*bool*/ x58 = subborrow_u32(x55, x13, x33);
 uint32_t x60, uint8_t/*bool*/ x61 = subborrow_u32(x58, x15, x35);
 uint32_t x63, uint8_t/*bool*/ x64 = subborrow_u32(x61, x17, x37);
 uint32_t x66, uint8_t/*bool*/ x67 = subborrow_u32(x64, x19, x39);
 uint32_t x69, uint8_t/*bool*/ x70 = subborrow_u32(x67, x21, x41);
 uint32_t x72, uint8_t/*bool*/ x73 = subborrow_u32(x70, x23, x43);
 uint32_t x75, uint8_t/*bool*/ x76 = subborrow_u32(x73, x22, x42);
 uint32_t x77 = cmovznz32(x76, 0x0, 0xffffffff);
 uint32_t x78 = (x77 & 0xfffffffd);
 uint32_t x80, uint8_t/*bool*/ x81 = addcarryx_u32(0x0, x45, x78);
 uint32_t x82 = (x77 & 0xffffffff);
 uint32_t x84, uint8_t/*bool*/ x85 = addcarryx_u32(x81, x48, x82);
 uint32_t x86 = (x77 & 0xffffffff);
 uint32_t x88, uint8_t/*bool*/ x89 = addcarryx_u32(x85, x51, x86);
 uint32_t x90 = (x77 & 0xffffffff);
 uint32_t x92, uint8_t/*bool*/ x93 = addcarryx_u32(x89, x54, x90);
 uint32_t x94 = (x77 & 0xffffffff);
 uint32_t x96, uint8_t/*bool*/ x97 = addcarryx_u32(x93, x57, x94);
 uint32_t x98 = (x77 & 0xffffffff);
 uint32_t x100, uint8_t/*bool*/ x101 = addcarryx_u32(x97, x60, x98);
 uint32_t x102 = (x77 & 0xffffffff);
 uint32_t x104, uint8_t/*bool*/ x105 = addcarryx_u32(x101, x63, x102);
 uint32_t x106 = (x77 & 0xffffffff);
 uint32_t x108, uint8_t/*bool*/ x109 = addcarryx_u32(x105, x66, x106);
 uint32_t x110 = (x77 & 0xffffffff);
 uint32_t x112, uint8_t/*bool*/ x113 = addcarryx_u32(x109, x69, x110);
 uint32_t x114 = (x77 & 0xffffffff);
 uint32_t x116, uint8_t/*bool*/ x117 = addcarryx_u32(x113, x72, x114);
 uint32_t x118 = (x77 & 0xffff);
 uint32_t x120, uint8_t/*bool*/ _ = addcarryx_u32(x117, x75, x118);
 (Return x120, Return x116, Return x112, Return x108, Return x104, Return x100, Return x96, Return x92, Return x88, Return x84, Return x80))
(x, x0)%core
     : word32 * word32 * word32 * word32 * word32 * word32 * word32 * word32 * word32 * word32 * word32 → word32 * word32 * word32 * word32 * word32 * word32 * word32 * word32 * word32 * word32 * word32 → ReturnType (uint32_t * uint32_t * uint32_t * uint32_t * uint32_t * uint32_t * uint32_t * uint32_t * uint32_t * uint32_t * uint32_t)
