λ x x0 : word32 * word32 * word32 * word32 * word32 * word32 * word32 * word32 * word32 * word32 * word32 * word32 * word32 * word32 * word32,
Interp-η
(λ var : Syntax.base_type → Type,
 λ '(x30, x31, x29, x27, x25, x23, x21, x19, x17, x15, x13, x11, x9, x7, x5, (x58, x59, x57, x55, x53, x51, x49, x47, x45, x43, x41, x39, x37, x35, x33))%core,
 uint32_t x61, uint8_t/*bool*/ x62 = subborrow_u32(0x0, x5, x33);
 uint32_t x64, uint8_t/*bool*/ x65 = subborrow_u32(x62, x7, x35);
 uint32_t x67, uint8_t/*bool*/ x68 = subborrow_u32(x65, x9, x37);
 uint32_t x70, uint8_t/*bool*/ x71 = subborrow_u32(x68, x11, x39);
 uint32_t x73, uint8_t/*bool*/ x74 = subborrow_u32(x71, x13, x41);
 uint32_t x76, uint8_t/*bool*/ x77 = subborrow_u32(x74, x15, x43);
 uint32_t x79, uint8_t/*bool*/ x80 = subborrow_u32(x77, x17, x45);
 uint32_t x82, uint8_t/*bool*/ x83 = subborrow_u32(x80, x19, x47);
 uint32_t x85, uint8_t/*bool*/ x86 = subborrow_u32(x83, x21, x49);
 uint32_t x88, uint8_t/*bool*/ x89 = subborrow_u32(x86, x23, x51);
 uint32_t x91, uint8_t/*bool*/ x92 = subborrow_u32(x89, x25, x53);
 uint32_t x94, uint8_t/*bool*/ x95 = subborrow_u32(x92, x27, x55);
 uint32_t x97, uint8_t/*bool*/ x98 = subborrow_u32(x95, x29, x57);
 uint32_t x100, uint8_t/*bool*/ x101 = subborrow_u32(x98, x31, x59);
 uint32_t x103, uint8_t/*bool*/ x104 = subborrow_u32(x101, x30, x58);
 uint32_t x105 = cmovznz32(x104, 0x0, 0xffffffff);
 uint32_t x106 = (x105 & 0xffffffff);
 uint32_t x108, uint8_t/*bool*/ x109 = addcarryx_u32(0x0, x61, x106);
 uint32_t x110 = (x105 & 0xffffffff);
 uint32_t x112, uint8_t/*bool*/ x113 = addcarryx_u32(x109, x64, x110);
 uint32_t x114 = (x105 & 0xffffffff);
 uint32_t x116, uint8_t/*bool*/ x117 = addcarryx_u32(x113, x67, x114);
 uint32_t x118 = (x105 & 0xffffffff);
 uint32_t x120, uint8_t/*bool*/ x121 = addcarryx_u32(x117, x70, x118);
 uint32_t x122 = (x105 & 0xffffffff);
 uint32_t x124, uint8_t/*bool*/ x125 = addcarryx_u32(x121, x73, x122);
 uint32_t x126 = (x105 & 0xffffffff);
 uint32_t x128, uint8_t/*bool*/ x129 = addcarryx_u32(x125, x76, x126);
 uint32_t x130 = (x105 & 0xffffffff);
 uint32_t x132, uint8_t/*bool*/ x133 = addcarryx_u32(x129, x79, x130);
 uint32_t x134 = (x105 & 0xfffeffff);
 uint32_t x136, uint8_t/*bool*/ x137 = addcarryx_u32(x133, x82, x134);
 uint32_t x138 = (x105 & 0xffffffff);
 uint32_t x140, uint8_t/*bool*/ x141 = addcarryx_u32(x137, x85, x138);
 uint32_t x142 = (x105 & 0xffffffff);
 uint32_t x144, uint8_t/*bool*/ x145 = addcarryx_u32(x141, x88, x142);
 uint32_t x146 = (x105 & 0xffffffff);
 uint32_t x148, uint8_t/*bool*/ x149 = addcarryx_u32(x145, x91, x146);
 uint32_t x150 = (x105 & 0xffffffff);
 uint32_t x152, uint8_t/*bool*/ x153 = addcarryx_u32(x149, x94, x150);
 uint32_t x154 = (x105 & 0xffffffff);
 uint32_t x156, uint8_t/*bool*/ x157 = addcarryx_u32(x153, x97, x154);
 uint32_t x158 = (x105 & 0xffffffff);
 uint32_t x160, uint8_t/*bool*/ x161 = addcarryx_u32(x157, x100, x158);
 uint32_t x162 = (x105 & 0xffffffff);
 uint32_t x164, uint8_t/*bool*/ _ = addcarryx_u32(x161, x103, x162);
 (Return x164, Return x160, Return x156, Return x152, Return x148, Return x144, Return x140, Return x136, Return x132, Return x128, Return x124, Return x120, Return x116, Return x112, Return x108))
(x, x0)%core
     : word32 * word32 * word32 * word32 * word32 * word32 * word32 * word32 * word32 * word32 * word32 * word32 * word32 * word32 * word32 → word32 * word32 * word32 * word32 * word32 * word32 * word32 * word32 * word32 * word32 * word32 * word32 * word32 * word32 * word32 → ReturnType (uint32_t * uint32_t * uint32_t * uint32_t * uint32_t * uint32_t * uint32_t * uint32_t * uint32_t * uint32_t * uint32_t * uint32_t * uint32_t * uint32_t * uint32_t)
